Archive member included to satisfy reference by file (symbol)

out/helloworld@atsame54-xpro/libraries/atparser.a(atparser.o)
                              (--whole-archive)
out/helloworld@atsame54-xpro/libraries/board_atsame54-xpro.a(board.o)
                              (--whole-archive)
out/helloworld@atsame54-xpro/libraries/auto_component.a(component_init.o)
                              (--whole-archive)
out/helloworld@atsame54-xpro/libraries/auto_component.a(testcase_register.o)
                              (--whole-archive)
out/helloworld@atsame54-xpro/libraries/cli.a(cli.o)
                              (--whole-archive)
out/helloworld@atsame54-xpro/libraries/cli.a(dumpsys.o)
                              (--whole-archive)
out/helloworld@atsame54-xpro/libraries/digest_algorithm.a(CheckSumUtils.o)
                              (--whole-archive)
out/helloworld@atsame54-xpro/libraries/digest_algorithm.a(crc.o)
                              (--whole-archive)
out/helloworld@atsame54-xpro/libraries/digest_algorithm.a(crc16.o)
                              (--whole-archive)
out/helloworld@atsame54-xpro/libraries/digest_algorithm.a(digest_algorithm.o)
                              (--whole-archive)
out/helloworld@atsame54-xpro/libraries/digest_algorithm.a(md5.o)
                              (--whole-archive)
out/helloworld@atsame54-xpro/libraries/hal.a(ota.o)
                              (--whole-archive)
out/helloworld@atsame54-xpro/libraries/hal.a(wifi.o)
                              (--whole-archive)
out/helloworld@atsame54-xpro/libraries/helloworld.a(helloworld.o)
                              (--whole-archive)
out/helloworld@atsame54-xpro/libraries/kernel_init.a(aos_init.o)
                              (--whole-archive)
out/helloworld@atsame54-xpro/libraries/vfs_device.a(vfs_adc.o)
                              (--whole-archive)
out/helloworld@atsame54-xpro/libraries/vfs_device.a(vfs_gpio.o)
                              (--whole-archive)
out/helloworld@atsame54-xpro/libraries/vfs_device.a(vfs_i2c.o)
                              (--whole-archive)
out/helloworld@atsame54-xpro/libraries/vfs_device.a(vfs_pwm.o)
                              (--whole-archive)
out/helloworld@atsame54-xpro/libraries/vfs_device.a(vfs_rtc.o)
                              (--whole-archive)
out/helloworld@atsame54-xpro/libraries/vfs_device.a(vfs_spi.o)
                              (--whole-archive)
out/helloworld@atsame54-xpro/libraries/vfs_device.a(vfs_uart.o)
                              (--whole-archive)
out/helloworld@atsame54-xpro/libraries/vfs_device.a(vfs_wdg.o)
                              (--whole-archive)
out/helloworld@atsame54-xpro/libraries/newlib_stub.a(newlib_stub.o)
                              (--whole-archive)
out/helloworld@atsame54-xpro/libraries/log.a(log.o)
                              (--whole-archive)
out/helloworld@atsame54-xpro/libraries/kv.a(kvmgr.o)
                              (--whole-archive)
out/helloworld@atsame54-xpro/libraries/armv7m.a(port_c.o)
                              (--whole-archive)
out/helloworld@atsame54-xpro/libraries/armv7m.a(port_s.o)
                              (--whole-archive)
out/helloworld@atsame54-xpro/libraries/atsame54.a(atmel_start.o)
                              (--whole-archive)
out/helloworld@atsame54-xpro/libraries/atsame54.a(driver_init.o)
                              (--whole-archive)
out/helloworld@atsame54-xpro/libraries/atsame54.a(startup_same54.o)
                              (--whole-archive)
out/helloworld@atsame54-xpro/libraries/atsame54.a(system_same54.o)
                              (--whole-archive)
out/helloworld@atsame54-xpro/libraries/atsame54.a(hal_atomic.o)
                              (--whole-archive)
out/helloworld@atsame54-xpro/libraries/atsame54.a(hal_delay.o)
                              (--whole-archive)
out/helloworld@atsame54-xpro/libraries/atsame54.a(hal_flash.o)
                              (--whole-archive)
out/helloworld@atsame54-xpro/libraries/atsame54.a(hal_gpio.o)
                              (--whole-archive)
out/helloworld@atsame54-xpro/libraries/atsame54.a(hal_init.o)
                              (--whole-archive)
out/helloworld@atsame54-xpro/libraries/atsame54.a(hal_io.o)
                              (--whole-archive)
out/helloworld@atsame54-xpro/libraries/atsame54.a(hal_rtos.o)
                              (--whole-archive)
out/helloworld@atsame54-xpro/libraries/atsame54.a(hal_sleep.o)
                              (--whole-archive)
out/helloworld@atsame54-xpro/libraries/atsame54.a(hal_usart_os.o)
                              (--whole-archive)
out/helloworld@atsame54-xpro/libraries/atsame54.a(utils_assert.o)
                              (--whole-archive)
out/helloworld@atsame54-xpro/libraries/atsame54.a(utils_event.o)
                              (--whole-archive)
out/helloworld@atsame54-xpro/libraries/atsame54.a(utils_list.o)
                              (--whole-archive)
[...]
Memory Configuration

Name             Origin             Length             Attributes
rom              0x00000000         0x0007c000         xr
ram              0x20000000         0x00040000         xrw
bkupram          0x47000000         0x00002000         xrw
qspi             0x04000000         0x01000000         xrw
*default*        0x00000000         0xffffffff

Linker script and memory map

LOAD c:/users/a16023/github/alios-things/build/compiler/gcc-arm-none-eabi/win32/bin/../lib/gcc/arm-none-eabi/5.4.1/armv7e-m/crti.o
LOAD c:/users/a16023/github/alios-things/build/compiler/gcc-arm-none-eabi/win32/bin/../lib/gcc/arm-none-eabi/5.4.1/armv7e-m/crtbegin.o
LOAD c:/users/a16023/github/alios-things/build/compiler/gcc-arm-none-eabi/win32/bin/../lib/gcc/arm-none-eabi/5.4.1/../../../../arm-none-eabi/lib/armv7e-m/crt0.o
START GROUP
LOAD out/helloworld@atsame54-xpro/libraries/atparser.a
LOAD out/helloworld@atsame54-xpro/libraries/board_atsame54-xpro.a
LOAD out/helloworld@atsame54-xpro/libraries/auto_component.a
LOAD out/helloworld@atsame54-xpro/libraries/cli.a
LOAD out/helloworld@atsame54-xpro/libraries/digest_algorithm.a
LOAD out/helloworld@atsame54-xpro/libraries/hal.a
LOAD out/helloworld@atsame54-xpro/libraries/helloworld.a
LOAD out/helloworld@atsame54-xpro/libraries/kernel_init.a
LOAD out/helloworld@atsame54-xpro/libraries/vfs_device.a
LOAD out/helloworld@atsame54-xpro/libraries/newlib_stub.a
LOAD out/helloworld@atsame54-xpro/libraries/log.a
LOAD out/helloworld@atsame54-xpro/libraries/kv.a
LOAD out/helloworld@atsame54-xpro/libraries/armv7m.a
LOAD out/helloworld@atsame54-xpro/libraries/atsame54.a
LOAD out/helloworld@atsame54-xpro/libraries/rhino.a
LOAD out/helloworld@atsame54-xpro/libraries/sal.a
LOAD out/helloworld@atsame54-xpro/libraries/device_sal_mk3060.a
LOAD out/helloworld@atsame54-xpro/libraries/vcall.a
LOAD out/helloworld@atsame54-xpro/libraries/vfs.a
LOAD out/helloworld@atsame54-xpro/libraries/yloop.a
END GROUP
START GROUP
LOAD c:/users/a16023/github/alios-things/build/compiler/gcc-arm-none-eabi/win32/bin/../lib/gcc/arm-none-eabi/5.4.1/armv7e-m\libgcc.a
LOAD c:/users/a16023/github/alios-things/build/compiler/gcc-arm-none-eabi/win32/bin/../lib/gcc/arm-none-eabi/5.4.1/../../../../arm-none-eabi/lib/armv7e-m\libc_nano.a
END GROUP
START GROUP
LOAD c:/users/a16023/github/alios-things/build/compiler/gcc-arm-none-eabi/win32/bin/../lib/gcc/arm-none-eabi/5.4.1/armv7e-m\libgcc.a
LOAD c:/users/a16023/github/alios-things/build/compiler/gcc-arm-none-eabi/win32/bin/../lib/gcc/arm-none-eabi/5.4.1/../../../../arm-none-eabi/lib/armv7e-m\libc_nano.a
LOAD c:/users/a16023/github/alios-things/build/compiler/gcc-arm-none-eabi/win32/bin/../lib/gcc/arm-none-eabi/5.4.1/../../../../arm-none-eabi/lib/armv7e-m\libnosys.a
END GROUP
START GROUP
LOAD c:/users/a16023/github/alios-things/build/compiler/gcc-arm-none-eabi/win32/bin/../lib/gcc/arm-none-eabi/5.4.1/armv7e-m\libgcc.a
LOAD c:/users/a16023/github/alios-things/build/compiler/gcc-arm-none-eabi/win32/bin/../lib/gcc/arm-none-eabi/5.4.1/../../../../arm-none-eabi/lib/armv7e-m\libc_nano.a
LOAD c:/users/a16023/github/alios-things/build/compiler/gcc-arm-none-eabi/win32/bin/../lib/gcc/arm-none-eabi/5.4.1/../../../../arm-none-eabi/lib/armv7e-m\libnosys.a
END GROUP
LOAD c:/users/a16023/github/alios-things/build/compiler/gcc-arm-none-eabi/win32/bin/../lib/gcc/arm-none-eabi/5.4.1/armv7e-m/crtend.o
LOAD c:/users/a16023/github/alios-things/build/compiler/gcc-arm-none-eabi/win32/bin/../lib/gcc/arm-none-eabi/5.4.1/armv7e-m/crtn.o
                0x20040000                _estack = 0x20040000
                0x00010000                _Min_Heap_Size = 0x10000
                0x00010000                _Min_Stack_Size = 0x10000

.text           0x00000000    0x12d54
                0x00000000                . = ALIGN (0x4)
                0x00000000                _sfixed = .
 *(.vectors .vectors.*)
 .vectors       0x00000000      0x264 out/helloworld@atsame54-xpro/libraries/atsame54.a(startup_same54.o)
                0x00000000                exception_table
 *(.text .text.* .gnu.linkonce.t.*)
 .text          0x00000264       0x5c c:/users/a16023/github/alios-things/build/compiler/gcc-arm-none-eabi/win32/bin/../lib/gcc/arm-none-eabi/5.4.1/armv7e-m/crtbegin.o
 .text.at_set_worker_stack_size
                0x000002c0        0xc out/helloworld@atsame54-xpro/libraries/atparser.a(atparser.o)
 .text.at_set_timeout
                0x000002cc        0xc out/helloworld@atsame54-xpro/libraries/atparser.a(atparser.o)
 .text.at_set_send_delimiter
                0x000002d8       0x14 out/helloworld@atsame54-xpro/libraries/atparser.a(atparser.o)
 .text.at_set_recv_delimiter
                0x000002ec       0x2c out/helloworld@atsame54-xpro/libraries/atparser.a(atparser.o)
 .text.at_uinit_at_mutex
                0x00000318       0x1c out/helloworld@atsame54-xpro/libraries/atparser.a(atparser.o)
 .text.at_uinit_task_mutex
                0x00000334       0x1c out/helloworld@atsame54-xpro/libraries/atparser.a(atparser.o)
 .text.at_oob   0x00000350      0x14c out/helloworld@atsame54-xpro/libraries/atparser.a(atparser.o)
 .text.at_read  0x0000049c       0xcc out/helloworld@atsame54-xpro/libraries/atparser.a(atparser.o)
 .text.at_getc  0x00000568       0x98 out/helloworld@atsame54-xpro/libraries/atparser.a(atparser.o)
 .text.at_worker
                0x00000600      0x368 out/helloworld@atsame54-xpro/libraries/atparser.a(atparser.o)
 .text.at_set_mode
                0x00000968       0x30 out/helloworld@atsame54-xpro/libraries/atparser.a(atparser.o)
 .text.at_write
                0x00000998       0x7c out/helloworld@atsame54-xpro/libraries/atparser.a(atparser.o)
 .text.at_putc  0x00000a14       0xa0 out/helloworld@atsame54-xpro/libraries/atparser.a(atparser.o)
 .text.at_send_raw_no_rsp
                0x00000ab4       0x90 out/helloworld@atsame54-xpro/libraries/atparser.a(atparser.o)
 .text.at_send_data_3stage_no_rsp
                0x00000b44      0x1a0 out/helloworld@atsame54-xpro/libraries/atparser.a(atparser.o)
 .text.at_init  0x00000ce4      0x274 out/helloworld@atsame54-xpro/libraries/atparser.a(atparser.o)
 .text.at_worker_task_del
                0x00000f58       0x90 out/helloworld@atsame54-xpro/libraries/atparser.a(atparser.o)
 .text.at_worker_task_add
                0x00000fe8       0x74 out/helloworld@atsame54-xpro/libraries/atparser.a(atparser.o)
 .text.at_send_data_2stage
                0x0000105c      0x210 out/helloworld@atsame54-xpro/libraries/atparser.a(atparser.o)
 .text.at_send_raw_self_define_respone_formate
                0x0000126c      0x1f0 out/helloworld@atsame54-xpro/libraries/atparser.a(atparser.o)
 .text.at_send_raw
                0x0000145c       0x84 out/helloworld@atsame54-xpro/libraries/atparser.a(atparser.o)
 .text.board_init
                0x000014e0       0xa8 out/helloworld@atsame54-xpro/libraries/board_atsame54-xpro.a(board.o)
                0x000014e0                board_init
 .text.exit_cmd
                0x00001588        0xc out/helloworld@atsame54-xpro/libraries/cli.a(cli.o)
 .text.tftp_ota_thread
                0x00001594        0x6 out/helloworld@atsame54-xpro/libraries/cli.a(cli.o)
                0x00001594                tftp_ota_thread
 *fill*         0x0000159a        0x2 
 .text.ota_cmd  0x0000159c       0x18 out/helloworld@atsame54-xpro/libraries/cli.a(cli.o)
 .text.aos_cli_register_command
                0x000015b4       0x54 out/helloworld@atsame54-xpro/libraries/cli.a(cli.o)
                0x000015b4                aos_cli_register_command
 .text.aos_cli_register_commands
                0x00001608       0x30 out/helloworld@atsame54-xpro/libraries/cli.a(cli.o)
                0x00001608                aos_cli_register_commands
 .text.cli_putstr
                0x00001638       0x36 out/helloworld@atsame54-xpro/libraries/cli.a(cli.o)
                0x00001638                cli_putstr
 *fill*         0x0000166e        0x2 
 .text.aos_cli_printf
                0x00001670       0x58 out/helloworld@atsame54-xpro/libraries/cli.a(cli.o)
                0x00001670                aos_cli_printf
 .text.aos_cli_init
                0x000016c8       0x8c out/helloworld@atsame54-xpro/libraries/cli.a(cli.o)
                0x000016c8                aos_cli_init
 .text.uptime_cmd
                0x00001754       0x18 out/helloworld@atsame54-xpro/libraries/cli.a(cli.o)
 .text.reboot_cmd
                0x0000176c       0x14 out/helloworld@atsame54-xpro/libraries/cli.a(cli.o)
 .text.version_cmd
                0x00001780       0x18 out/helloworld@atsame54-xpro/libraries/cli.a(cli.o)
 .text.devname_cmd
                0x00001798       0x10 out/helloworld@atsame54-xpro/libraries/cli.a(cli.o)
 .text.echo_cmd
                0x000017a8       0x78 out/helloworld@atsame54-xpro/libraries/cli.a(cli.o)
 .text.help_cmd
                0x00001820       0x70 out/helloworld@atsame54-xpro/libraries/cli.a(cli.o)
 .text.cli_getchar
                0x00001890       0x3e out/helloworld@atsame54-xpro/libraries/cli.a(cli.o)
                0x00001890                cli_getchar
 *fill*         0x000018ce        0x2 
 .text.cli_main
                0x000018d0      0x6d0 out/helloworld@atsame54-xpro/libraries/cli.a(cli.o)
 .text.dumpsys_task_func
                0x00001fa0      0x26c out/helloworld@atsame54-xpro/libraries/cli.a(dumpsys.o)
                0x00001fa0                dumpsys_task_func
 .text.task_cmd
                0x0000220c        0xa out/helloworld@atsame54-xpro/libraries/cli.a(dumpsys.o)
 *fill*         0x00002216        0x2 
 .text.dump_task_stack
                0x00002218      0x18c out/helloworld@atsame54-xpro/libraries/cli.a(dumpsys.o)
                0x00002218                dump_task_stack
 .text.dump_task_stack_byname
                0x000023a4       0x50 out/helloworld@atsame54-xpro/libraries/cli.a(dumpsys.o)
                0x000023a4                dump_task_stack_byname
 .text.dumpsys_func
                0x000023f4      0x130 out/helloworld@atsame54-xpro/libraries/cli.a(dumpsys.o)
                0x000023f4                dumpsys_func
 .text.dumpsys_cmd
                0x00002524        0x4 out/helloworld@atsame54-xpro/libraries/cli.a(dumpsys.o)
 .text.dumpsys_cli_init
                0x00002528        0xc out/helloworld@atsame54-xpro/libraries/cli.a(dumpsys.o)
                0x00002528                dumpsys_cli_init
 .text.hal_ota_register_module
                0x00002534        0xc out/helloworld@atsame54-xpro/libraries/hal.a(ota.o)
                0x00002534                hal_ota_register_module
 .text.hal_wifi_get_default_module
                0x00002540       0x10 out/helloworld@atsame54-xpro/libraries/hal.a(wifi.o)
                0x00002540                hal_wifi_get_default_module
 .text.hal_wifi_register_module
                0x00002550       0x14 out/helloworld@atsame54-xpro/libraries/hal.a(wifi.o)
                0x00002550                hal_wifi_register_module
 .text.hal_wifi_init
                0x00002564       0x20 out/helloworld@atsame54-xpro/libraries/hal.a(wifi.o)
                0x00002564                hal_wifi_init
 .text.hal_wifi_get_mac_addr
                0x00002584       0x1a out/helloworld@atsame54-xpro/libraries/hal.a(wifi.o)
                0x00002584                hal_wifi_get_mac_addr
 .text.hal_wifi_set_mac_addr
                0x0000259e       0x1a out/helloworld@atsame54-xpro/libraries/hal.a(wifi.o)
                0x0000259e                hal_wifi_set_mac_addr
 .text.hal_wifi_get_ip_stat
                0x000025b8       0x10 out/helloworld@atsame54-xpro/libraries/hal.a(wifi.o)
                0x000025b8                hal_wifi_get_ip_stat
 .text.hal_wifi_start_debug_mode
                0x000025c8       0x14 out/helloworld@atsame54-xpro/libraries/hal.a(wifi.o)
                0x000025c8                hal_wifi_start_debug_mode
 .text.app_delayed_action
                0x000025dc       0x60 out/helloworld@atsame54-xpro/libraries/helloworld.a(helloworld.o)
 .text.application_start
                0x0000263c       0x44 out/helloworld@atsame54-xpro/libraries/helloworld.a(helloworld.o)
                0x0000263c                application_start
 .text.hex      0x00002680       0x2e out/helloworld@atsame54-xpro/libraries/kernel_init.a(aos_init.o)
 *fill*         0x000026ae        0x2 
 .text.udp_cmd  0x000026b0       0x90 out/helloworld@atsame54-xpro/libraries/kernel_init.a(aos_init.o)
 .text.wifi_debug_cmd
                0x00002740        0x6 out/helloworld@atsame54-xpro/libraries/kernel_init.a(aos_init.o)
                0x00002740                wifi_debug_cmd
 *fill*         0x00002746        0x2 
 .text.mac_cmd  0x00002748       0xa4 out/helloworld@atsame54-xpro/libraries/kernel_init.a(aos_init.o)
                0x00002748                mac_cmd
 .text.tcpip_cli_init
                0x000027ec        0xc out/helloworld@atsame54-xpro/libraries/kernel_init.a(aos_init.o)
                0x000027ec                tcpip_cli_init
 .text.hal_wifi_cli_init
                0x000027f8        0xc out/helloworld@atsame54-xpro/libraries/kernel_init.a(aos_init.o)
                0x000027f8                hal_wifi_cli_init
 .text.cli_service_init
                0x00002804       0x1c out/helloworld@atsame54-xpro/libraries/kernel_init.a(aos_init.o)
                0x00002804                cli_service_init
 .text.aos_kernel_init
                0x00002820       0x2e out/helloworld@atsame54-xpro/libraries/kernel_init.a(aos_init.o)
                0x00002820                aos_kernel_init
 .text._isatty_r
                0x0000284e       0x10 out/helloworld@atsame54-xpro/libraries/newlib_stub.a(newlib_stub.o)
                0x0000284e                _isatty_r
 .text._lseek_r
                0x0000285e        0x8 out/helloworld@atsame54-xpro/libraries/newlib_stub.a(newlib_stub.o)
                0x0000285e                _lseek_r
 .text._close_r
                0x00002866        0x8 out/helloworld@atsame54-xpro/libraries/newlib_stub.a(newlib_stub.o)
                0x00002866                _close_r
 .text._read_r  0x0000286e        0x8 out/helloworld@atsame54-xpro/libraries/newlib_stub.a(newlib_stub.o)
                0x0000286e                _read_r
 *fill*         0x00002876        0x2 
 .text._write_r
                0x00002878       0x68 out/helloworld@atsame54-xpro/libraries/newlib_stub.a(newlib_stub.o)
                0x00002878                _write_r
 .text._fstat_r
                0x000028e0        0xa out/helloworld@atsame54-xpro/libraries/newlib_stub.a(newlib_stub.o)
                0x000028e0                _fstat_r
 .text._malloc_r
                0x000028ea       0x18 out/helloworld@atsame54-xpro/libraries/newlib_stub.a(newlib_stub.o)
                0x000028ea                _malloc_r
 .text._realloc_r
                0x00002902       0x1a out/helloworld@atsame54-xpro/libraries/newlib_stub.a(newlib_stub.o)
                0x00002902                _realloc_r
 .text._calloc_r
                0x0000291c       0x28 out/helloworld@atsame54-xpro/libraries/newlib_stub.a(newlib_stub.o)
                0x0000291c                _calloc_r
 .text._free_r  0x00002944        0x6 out/helloworld@atsame54-xpro/libraries/newlib_stub.a(newlib_stub.o)
                0x00002944                _free_r
 .text.abort    0x0000294a        0x2 out/helloworld@atsame54-xpro/libraries/newlib_stub.a(newlib_stub.o)
                0x0000294a                abort
 .text.csp_printf
                0x0000294c       0x44 out/helloworld@atsame54-xpro/libraries/log.a(log.o)
                0x0000294c                csp_printf
 .text.aos_set_log_level
                0x00002990       0x40 out/helloworld@atsame54-xpro/libraries/log.a(log.o)
                0x00002990                aos_set_log_level
 .text.log_cmd  0x000029d0       0x94 out/helloworld@atsame54-xpro/libraries/log.a(log.o)
 .text.log_cli_init
                0x00002a64       0x28 out/helloworld@atsame54-xpro/libraries/log.a(log.o)
                0x00002a64                log_cli_init
 .text.utils_crc8
                0x00002a8c       0x36 out/helloworld@atsame54-xpro/libraries/kv.a(kvmgr.o)
 .text.kv_item_free
                0x00002ac2       0x1a out/helloworld@atsame54-xpro/libraries/kv.a(kvmgr.o)
 .text.raw_read
                0x00002adc       0x18 out/helloworld@atsame54-xpro/libraries/kv.a(kvmgr.o)
 .text.__item_find_cb
                0x00002af4       0x50 out/helloworld@atsame54-xpro/libraries/kv.a(kvmgr.o)
 .text.__item_print_cb
                0x00002b44       0x7c out/helloworld@atsame54-xpro/libraries/kv.a(kvmgr.o)
 .text.trigger_gc
                0x00002bc0       0x28 out/helloworld@atsame54-xpro/libraries/kv.a(kvmgr.o)
 .text.kv_item_store
                0x00002be8       0xe8 out/helloworld@atsame54-xpro/libraries/kv.a(kvmgr.o)
 .text.kv_state_set
                0x00002cd0       0x1e out/helloworld@atsame54-xpro/libraries/kv.a(kvmgr.o)
 *fill*         0x00002cee        0x2 
 .text.kv_item_traverse
                0x00002cf0      0x138 out/helloworld@atsame54-xpro/libraries/kv.a(kvmgr.o)
 .text.kv_item_get
                0x00002e28       0x3c out/helloworld@atsame54-xpro/libraries/kv.a(kvmgr.o)
 .text.kv_item_del
                0x00002e64       0xf8 out/helloworld@atsame54-xpro/libraries/kv.a(kvmgr.o)
 .text.__item_recovery_cb
                0x00002f5c       0x60 out/helloworld@atsame54-xpro/libraries/kv.a(kvmgr.o)
 .text.kv_block_format
                0x00002fbc       0x60 out/helloworld@atsame54-xpro/libraries/kv.a(kvmgr.o)
 .text.aos_kv_gc
                0x0000301c       0xb4 out/helloworld@atsame54-xpro/libraries/kv.a(kvmgr.o)
                0x0000301c                aos_kv_gc
 .text.__item_gc_cb
                0x000030d0       0x74 out/helloworld@atsame54-xpro/libraries/kv.a(kvmgr.o)
 .text.aos_kv_del
                0x00003144       0x44 out/helloworld@atsame54-xpro/libraries/kv.a(kvmgr.o)
                0x00003144                aos_kv_del
 .text.aos_kv_set
                0x00003188       0xac out/helloworld@atsame54-xpro/libraries/kv.a(kvmgr.o)
                0x00003188                aos_kv_set
 .text.aos_kv_get
                0x00003234       0x74 out/helloworld@atsame54-xpro/libraries/kv.a(kvmgr.o)
                0x00003234                aos_kv_get
 .text.handle_kv_cmd
                0x000032a8       0xfc out/helloworld@atsame54-xpro/libraries/kv.a(kvmgr.o)
 .text.aos_kv_init
                0x000033a4      0x1a4 out/helloworld@atsame54-xpro/libraries/kv.a(kvmgr.o)
                0x000033a4                aos_kv_init
 .text.cpu_task_stack_init
                0x00003548       0x8c out/helloworld@atsame54-xpro/libraries/armv7m.a(port_c.o)
                0x00003548                cpu_task_stack_init
 .text          0x000035d4       0x94 out/helloworld@atsame54-xpro/libraries/armv7m.a(port_s.o)
                0x000035d4                cpu_intrpt_save
                0x000035dc                cpu_intrpt_restore
                0x000035e2                cpu_task_switch
                0x000035ec                cpu_intrpt_switch
                0x000035f6                cpu_first_task_start
                0x00003620                PendSV_Handler
 .text.atmel_start_init
                0x00003668       0x20 out/helloworld@atsame54-xpro/libraries/atsame54.a(atmel_start.o)
                0x00003668                atmel_start_init
 .text._gpio_set_pin_function
                0x00003688       0x70 out/helloworld@atsame54-xpro/libraries/atsame54.a(driver_init.o)
 .text.USART_0_CLOCK_init
                0x000036f8       0x24 out/helloworld@atsame54-xpro/libraries/atsame54.a(driver_init.o)
                0x000036f8                USART_0_CLOCK_init
 .text.USART_0_PORT_init
                0x0000371c       0x20 out/helloworld@atsame54-xpro/libraries/atsame54.a(driver_init.o)
                0x0000371c                USART_0_PORT_init
 .text.USART_0_init
                0x0000373c       0x30 out/helloworld@atsame54-xpro/libraries/atsame54.a(driver_init.o)
                0x0000373c                USART_0_init
 .text.USART_2_CLOCK_init
                0x0000376c       0x24 out/helloworld@atsame54-xpro/libraries/atsame54.a(driver_init.o)
                0x0000376c                USART_2_CLOCK_init
 .text.USART_2_PORT_init
                0x00003790       0x20 out/helloworld@atsame54-xpro/libraries/atsame54.a(driver_init.o)
                0x00003790                USART_2_PORT_init
 .text.USART_2_init
                0x000037b0       0x30 out/helloworld@atsame54-xpro/libraries/atsame54.a(driver_init.o)
                0x000037b0                USART_2_init
 .text.FLASH_0_CLOCK_init
                0x000037e0       0x10 out/helloworld@atsame54-xpro/libraries/atsame54.a(driver_init.o)
                0x000037e0                FLASH_0_CLOCK_init
 .text.FLASH_0_init
                0x000037f0       0x1c out/helloworld@atsame54-xpro/libraries/atsame54.a(driver_init.o)
                0x000037f0                FLASH_0_init
 .text.system_init
                0x0000380c       0x48 out/helloworld@atsame54-xpro/libraries/atsame54.a(driver_init.o)
                0x0000380c                system_init
 .text.Dummy_Handler
                0x00003854        0x2 out/helloworld@atsame54-xpro/libraries/atsame54.a(startup_same54.o)
                0x00003854                EIC_5_Handler
                0x00003854                DebugMon_Handler
                0x00003854                EIC_13_Handler
                0x00003854                EVSYS_0_Handler
                0x00003854                TCC1_3_Handler
                0x00003854                DAC_3_Handler
                0x00003854                TRNG_Handler
                0x00003854                TC2_Handler
                0x00003854                PDEC_2_Handler
                0x00003854                EIC_4_Handler
                0x00003854                AC_Handler
                0x00003854                SERCOM3_1_Handler
                0x00003854                TCC2_3_Handler
                0x00003854                SERCOM3_2_Handler
                0x00003854                NMI_Handler
                0x00003854                TC7_Handler
                0x00003854                ADC1_1_Handler
                0x00003854                EVSYS_3_Handler
                0x00003854                PDEC_0_Handler
                0x00003854                QSPI_Handler
                0x00003854                TCC0_0_Handler
                0x00003854                EIC_3_Handler
                0x00003854                TAL_0_Handler
                0x00003854                DAC_2_Handler
                0x00003854                RTC_Handler
                0x00003854                UsageFault_Handler
                0x00003854                SERCOM4_0_Handler
                0x00003854                EIC_10_Handler
                0x00003854                EIC_11_Handler
                0x00003854                EIC_9_Handler
                0x00003854                OSC32KCTRL_Handler
                0x00003854                TCC2_1_Handler
                0x00003854                SUPC_1_Handler
                0x00003854                TCC0_5_Handler
                0x00003854                TCC0_6_Handler
                0x00003854                SERCOM6_2_Handler
                0x00003854                EVSYS_1_Handler
                0x00003854                TCC1_4_Handler
                0x00003854                TC6_Handler
                0x00003854                DMAC_0_Handler
                0x00003854                WDT_Handler
                0x00003854                CAN0_Handler
                0x00003854                EIC_8_Handler
                0x00003854                EIC_15_Handler
                0x00003854                SERCOM6_0_Handler
                0x00003854                SERCOM5_0_Handler
                0x00003854                TC4_Handler
                0x00003854                TC1_Handler
                0x00003854                OSCCTRL_4_Handler
                0x00003854                SERCOM4_3_Handler
                0x00003854                EIC_12_Handler
                0x00003854                DMAC_4_Handler
                0x00003854                TCC4_2_Handler
                0x00003854                PAC_Handler
                0x00003854                TCC1_0_Handler
                0x00003854                USB_0_Handler
                0x00003854                OSCCTRL_0_Handler
                0x00003854                EIC_0_Handler
                0x00003854                OSCCTRL_3_Handler
                0x00003854                SERCOM4_1_Handler
                0x00003854                TC3_Handler
                0x00003854                Dummy_Handler
                0x00003854                TCC3_0_Handler
                0x00003854                TCC2_2_Handler
                0x00003854                SERCOM5_1_Handler
                0x00003854                TCC1_1_Handler
                0x00003854                DMAC_2_Handler
                0x00003854                ADC0_0_Handler
                0x00003854                OSCCTRL_2_Handler
                0x00003854                ADC1_0_Handler
                0x00003854                TCC1_2_Handler
                0x00003854                SERCOM7_1_Handler
                0x00003854                USB_1_Handler
                0x00003854                PM_Handler
                0x00003854                SERCOM6_3_Handler
                0x00003854                DAC_4_Handler
                0x00003854                TCC3_2_Handler
                0x00003854                SERCOM7_0_Handler
                0x00003854                TCC0_2_Handler
                0x00003854                DMAC_1_Handler
                0x00003854                TCC4_0_Handler
                0x00003854                SERCOM7_3_Handler
                0x00003854                GMAC_Handler
                0x00003854                SDHC1_Handler
                0x00003854                USB_3_Handler
                0x00003854                SERCOM7_2_Handler
                0x00003854                CAN1_Handler
                0x00003854                TCC2_0_Handler
                0x00003854                PDEC_1_Handler
                0x00003854                MemManage_Handler
                0x00003854                TCC4_1_Handler
                0x00003854                SERCOM5_3_Handler
                0x00003854                USB_2_Handler
                0x00003854                SVC_Handler
                0x00003854                SERCOM6_1_Handler
                0x00003854                SDHC0_Handler
                0x00003854                SERCOM1_1_Handler
                0x00003854                I2S_Handler
                0x00003854                EIC_2_Handler
                0x00003854                PCC_Handler
                0x00003854                DAC_0_Handler
                0x00003854                TCC0_1_Handler
                0x00003854                SERCOM1_3_Handler
                0x00003854                EIC_6_Handler
                0x00003854                OSCCTRL_1_Handler
                0x00003854                SERCOM1_0_Handler
                0x00003854                PUKCC_Handler
                0x00003854                SERCOM1_2_Handler
                0x00003854                SERCOM3_0_Handler
                0x00003854                EIC_1_Handler
                0x00003854                SERCOM4_2_Handler
                0x00003854                EVSYS_4_Handler
                0x00003854                EIC_7_Handler
                0x00003854                SERCOM5_2_Handler
                0x00003854                SERCOM3_3_Handler
                0x00003854                ADC0_1_Handler
                0x00003854                TCC3_1_Handler
                0x00003854                EIC_14_Handler
                0x00003854                DAC_1_Handler
                0x00003854                TAL_1_Handler
                0x00003854                MCLK_Handler
                0x00003854                EVSYS_2_Handler
                0x00003854                SUPC_0_Handler
                0x00003854                BusFault_Handler
                0x00003854                FREQM_Handler
                0x00003854                TC0_Handler
                0x00003854                TCC0_3_Handler
                0x00003854                DMAC_3_Handler
                0x00003854                TCC0_4_Handler
                0x00003854                TC5_Handler
                0x00003854                AES_Handler
                0x00003854                ICM_Handler
 .text.Dummy_Handler2
                0x00003856        0x2 out/helloworld@atsame54-xpro/libraries/atsame54.a(startup_same54.o)
                0x00003856                Dummy_Handler2
                0x00003856                HardFault_Handler
 .text.Reset_Handler
                0x00003858       0x60 out/helloworld@atsame54-xpro/libraries/atsame54.a(startup_same54.o)
                0x00003858                Reset_Handler
 .text.flash_ready
                0x000038b8        0x8 out/helloworld@atsame54-xpro/libraries/atsame54.a(hal_flash.o)
 .text.flash_error
                0x000038c0        0x8 out/helloworld@atsame54-xpro/libraries/atsame54.a(hal_flash.o)
 .text.flash_init
                0x000038c8       0x1c out/helloworld@atsame54-xpro/libraries/atsame54.a(hal_flash.o)
                0x000038c8                flash_init
 .text.flash_read
                0x000038e4       0x3e out/helloworld@atsame54-xpro/libraries/atsame54.a(hal_flash.o)
                0x000038e4                flash_read
 .text.flash_write
                0x00003922       0x50 out/helloworld@atsame54-xpro/libraries/atsame54.a(hal_flash.o)
                0x00003922                flash_write
 .text.flash_append
                0x00003972       0x52 out/helloworld@atsame54-xpro/libraries/atsame54.a(hal_flash.o)
                0x00003972                flash_append
 .text.flash_erase
                0x000039c4       0x54 out/helloworld@atsame54-xpro/libraries/atsame54.a(hal_flash.o)
                0x000039c4                flash_erase
 .text.flash_get_page_size
                0x00003a18        0x4 out/helloworld@atsame54-xpro/libraries/atsame54.a(hal_flash.o)
                0x00003a18                flash_get_page_size
 .text.io_write
                0x00003a1c        0xa out/helloworld@atsame54-xpro/libraries/atsame54.a(hal_io.o)
                0x00003a1c                io_write
 .text.io_read  0x00003a26        0xa out/helloworld@atsame54-xpro/libraries/atsame54.a(hal_io.o)
                0x00003a26                io_read
 .text.sem_init
                0x00003a30        0xe out/helloworld@atsame54-xpro/libraries/atsame54.a(hal_rtos.o)
                0x00003a30                sem_init
 .text.sem_up   0x00003a3e        0xa out/helloworld@atsame54-xpro/libraries/atsame54.a(hal_rtos.o)
                0x00003a3e                sem_up
 .text.sem_deinit
                0x00003a48       0x14 out/helloworld@atsame54-xpro/libraries/atsame54.a(hal_rtos.o)
                0x00003a48                sem_deinit
 .text.usart_os_error
                0x00003a5c        0x6 out/helloworld@atsame54-xpro/libraries/atsame54.a(hal_usart_os.o)
 .text.usart_os_transmission_complete
                0x00003a62        0x6 out/helloworld@atsame54-xpro/libraries/atsame54.a(hal_usart_os.o)
 .text.usart_fill_rx_buffer
                0x00003a68       0x18 out/helloworld@atsame54-xpro/libraries/atsame54.a(hal_usart_os.o)
 .text.usart_os_process_byte_sent
                0x00003a80       0x3c out/helloworld@atsame54-xpro/libraries/atsame54.a(hal_usart_os.o)
 .text.usart_sync_write
                0x00003abc       0x56 out/helloworld@atsame54-xpro/libraries/atsame54.a(hal_usart_os.o)
 .text.usart_async_read
                0x00003b12       0x64 out/helloworld@atsame54-xpro/libraries/atsame54.a(hal_usart_os.o)
 *fill*         0x00003b76        0x2 
 .text.usart_os_init
                0x00003b78      0x158 out/helloworld@atsame54-xpro/libraries/atsame54.a(hal_usart_os.o)
                0x00003b78                usart_os_init
 .text.usart_os_enable
                0x00003cd0        0xc out/helloworld@atsame54-xpro/libraries/atsame54.a(hal_usart_os.o)
                0x00003cd0                usart_os_enable
 .text.ringbuffer_init
                0x00003cdc       0x18 out/helloworld@atsame54-xpro/libraries/atsame54.a(utils_ringbuffer.o)
                0x00003cdc                ringbuffer_init
 .text.ringbuffer_flush
                0x00003cf4        0x8 out/helloworld@atsame54-xpro/libraries/atsame54.a(utils_ringbuffer.o)
                0x00003cf4                ringbuffer_flush
 .text._reset_mcu
                0x00003cfc       0x24 out/helloworld@atsame54-xpro/libraries/atsame54.a(hpl_core_m4.o)
                0x00003cfc                _reset_mcu
 .text._init_chip
                0x00003d20       0x38 out/helloworld@atsame54-xpro/libraries/atsame54.a(hpl_init.o)
                0x00003d20                _init_chip
 .text._gclk_init_generators_by_fref
                0x00003d58       0x20 out/helloworld@atsame54-xpro/libraries/atsame54.a(hpl_gclk.o)
                0x00003d58                _gclk_init_generators_by_fref
 .text._mclk_init
                0x00003d78        0xc out/helloworld@atsame54-xpro/libraries/atsame54.a(hpl_mclk.o)
                0x00003d78                _mclk_init
 .text._flash_program
                0x00003d84       0x3c out/helloworld@atsame54-xpro/libraries/atsame54.a(hpl_nvmctrl.o)
 .text._flash_init
                0x00003dc0       0x4c out/helloworld@atsame54-xpro/libraries/atsame54.a(hpl_nvmctrl.o)
                0x00003dc0                _flash_init
 .text._flash_get_page_size
                0x00003e0c        0x6 out/helloworld@atsame54-xpro/libraries/atsame54.a(hpl_nvmctrl.o)
                0x00003e0c                _flash_get_page_size
 .text._flash_get_total_pages
                0x00003e12        0x8 out/helloworld@atsame54-xpro/libraries/atsame54.a(hpl_nvmctrl.o)
                0x00003e12                _flash_get_total_pages
 .text._flash_read
                0x00003e1a       0x1e out/helloworld@atsame54-xpro/libraries/atsame54.a(hpl_nvmctrl.o)
                0x00003e1a                _flash_read
 .text._flash_write
                0x00003e38       0xb0 out/helloworld@atsame54-xpro/libraries/atsame54.a(hpl_nvmctrl.o)
                0x00003e38                _flash_write
 .text._flash_append
                0x00003ee8       0x60 out/helloworld@atsame54-xpro/libraries/atsame54.a(hpl_nvmctrl.o)
                0x00003ee8                _flash_append
 .text._flash_erase
                0x00003f48       0x9a out/helloworld@atsame54-xpro/libraries/atsame54.a(hpl_nvmctrl.o)
                0x00003f48                _flash_erase
 .text._flash_is_locked
                0x00003fe2       0x18 out/helloworld@atsame54-xpro/libraries/atsame54.a(hpl_nvmctrl.o)
                0x00003fe2                _flash_is_locked
 *fill*         0x00003ffa        0x2 
 .text.NVMCTRL_1_Handler
                0x00003ffc       0x2c out/helloworld@atsame54-xpro/libraries/atsame54.a(hpl_nvmctrl.o)
                0x00003ffc                NVMCTRL_1_Handler
 .text.NVMCTRL_0_Handler
                0x00004028        0x4 out/helloworld@atsame54-xpro/libraries/atsame54.a(hpl_nvmctrl.o)
                0x00004028                NVMCTRL_0_Handler
 .text._osc32kctrl_init_sources
                0x0000402c       0x28 out/helloworld@atsame54-xpro/libraries/atsame54.a(hpl_osc32kctrl.o)
                0x0000402c                _osc32kctrl_init_sources
 .text._oscctrl_init_sources
                0x00004054       0x18 out/helloworld@atsame54-xpro/libraries/atsame54.a(hpl_oscctrl.o)
                0x00004054                _oscctrl_init_sources
 .text._oscctrl_init_referenced_generators
                0x0000406c       0xb0 out/helloworld@atsame54-xpro/libraries/atsame54.a(hpl_oscctrl.o)
                0x0000406c                _oscctrl_init_referenced_generators
 .text.RAMECC_Handler
                0x0000411c       0x38 out/helloworld@atsame54-xpro/libraries/atsame54.a(hpl_ramecc.o)
                0x0000411c                RAMECC_Handler
 .text.__NVIC_EnableIRQ
                0x00004154       0x1c out/helloworld@atsame54-xpro/libraries/atsame54.a(hpl_sercom.o)
 .text.__NVIC_DisableIRQ
                0x00004170       0x28 out/helloworld@atsame54-xpro/libraries/atsame54.a(hpl_sercom.o)
 .text.__NVIC_ClearPendingIRQ
                0x00004198       0x20 out/helloworld@atsame54-xpro/libraries/atsame54.a(hpl_sercom.o)
 .text.hri_sercomusart_wait_for_sync
                0x000041b8        0x8 out/helloworld@atsame54-xpro/libraries/atsame54.a(hpl_sercom.o)
 .text.hri_sercomusart_clear_CTRLA_ENABLE_bit
                0x000041c0       0x12 out/helloworld@atsame54-xpro/libraries/atsame54.a(hpl_sercom.o)
 *fill*         0x000041d2        0x2 
 .text._sercom_get_hardware_index
                0x000041d4       0x34 out/helloworld@atsame54-xpro/libraries/atsame54.a(hpl_sercom.o)
 .text._sercom_usart_interrupt_handler
                0x00004208       0x70 out/helloworld@atsame54-xpro/libraries/atsame54.a(hpl_sercom.o)
 .text._sercom_init_irq_param
                0x00004278       0x28 out/helloworld@atsame54-xpro/libraries/atsame54.a(hpl_sercom.o)
 .text._usart_init
                0x000042a0       0x90 out/helloworld@atsame54-xpro/libraries/atsame54.a(hpl_sercom.o)
 .text._sercom_get_irq_num
                0x00004330       0x10 out/helloworld@atsame54-xpro/libraries/atsame54.a(hpl_sercom.o)
 .text._usart_async_init
                0x00004340       0x46 out/helloworld@atsame54-xpro/libraries/atsame54.a(hpl_sercom.o)
                0x00004340                _usart_async_init
 .text._usart_sync_enable
                0x00004386       0x16 out/helloworld@atsame54-xpro/libraries/atsame54.a(hpl_sercom.o)
                0x00004386                _usart_sync_enable
 .text._usart_sync_write_byte
                0x0000439c        0x6 out/helloworld@atsame54-xpro/libraries/atsame54.a(hpl_sercom.o)
                0x0000439c                _usart_sync_write_byte
 .text._usart_async_write_byte
                0x000043a2        0x6 out/helloworld@atsame54-xpro/libraries/atsame54.a(hpl_sercom.o)
                0x000043a2                _usart_async_write_byte
 .text._usart_sync_is_ready_to_send
                0x000043a8        0xa out/helloworld@atsame54-xpro/libraries/atsame54.a(hpl_sercom.o)
                0x000043a8                _usart_sync_is_ready_to_send
 .text._usart_sync_is_transmit_done
                0x000043b2        0xa out/helloworld@atsame54-xpro/libraries/atsame54.a(hpl_sercom.o)
                0x000043b2                _usart_sync_is_transmit_done
 .text._usart_async_enable_byte_sent_irq
                0x000043bc        0x8 out/helloworld@atsame54-xpro/libraries/atsame54.a(hpl_sercom.o)
                0x000043bc                _usart_async_enable_byte_sent_irq
 .text._usart_async_enable_tx_done_irq
                0x000043c4        0x8 out/helloworld@atsame54-xpro/libraries/atsame54.a(hpl_sercom.o)
                0x000043c4                _usart_async_enable_tx_done_irq
 .text._usart_async_set_irq_state
                0x000043cc       0x34 out/helloworld@atsame54-xpro/libraries/atsame54.a(hpl_sercom.o)
                0x000043cc                _usart_async_set_irq_state
 .text.SERCOM0_3_Handler
                0x00004400        0xc out/helloworld@atsame54-xpro/libraries/atsame54.a(hpl_sercom.o)
                0x00004400                SERCOM0_3_Handler
 .text.SERCOM0_2_Handler
                0x0000440c        0x4 out/helloworld@atsame54-xpro/libraries/atsame54.a(hpl_sercom.o)
                0x0000440c                SERCOM0_2_Handler
 .text.SERCOM0_1_Handler
                0x00004410        0x4 out/helloworld@atsame54-xpro/libraries/atsame54.a(hpl_sercom.o)
                0x00004410                SERCOM0_1_Handler
 .text.SERCOM0_0_Handler
                0x00004414        0x4 out/helloworld@atsame54-xpro/libraries/atsame54.a(hpl_sercom.o)
                0x00004414                SERCOM0_0_Handler
 .text.SERCOM2_3_Handler
                0x00004418        0xc out/helloworld@atsame54-xpro/libraries/atsame54.a(hpl_sercom.o)
                0x00004418                SERCOM2_3_Handler
 .text.SERCOM2_2_Handler
                0x00004424        0x4 out/helloworld@atsame54-xpro/libraries/atsame54.a(hpl_sercom.o)
                0x00004424                SERCOM2_2_Handler
 .text.SERCOM2_1_Handler
                0x00004428        0x4 out/helloworld@atsame54-xpro/libraries/atsame54.a(hpl_sercom.o)
                0x00004428                SERCOM2_1_Handler
 .text.SERCOM2_0_Handler
                0x0000442c        0x4 out/helloworld@atsame54-xpro/libraries/atsame54.a(hpl_sercom.o)
                0x0000442c                SERCOM2_0_Handler
 .text._system_time_init
                0x00004430       0x24 out/helloworld@atsame54-xpro/libraries/atsame54.a(hpl_systick.o)
                0x00004430                _system_time_init
 .text.SysTick_Handler
                0x00004454       0x12 out/helloworld@atsame54-xpro/libraries/atsame54.a(hpl_systick.o)
                0x00004454                SysTick_Handler
 *fill*         0x00004466        0x2 
 .text.sys_init
                0x00004468       0x44 out/helloworld@atsame54-xpro/libraries/atsame54.a(aos.o)
 .text.startup.main
                0x000044ac       0x44 out/helloworld@atsame54-xpro/libraries/atsame54.a(aos.o)
                0x000044ac                main
 .text.soc_err_proc
                0x000044f0       0x60 out/helloworld@atsame54-xpro/libraries/atsame54.a(soc_impl.o)
                0x000044f0                soc_err_proc
 .text.aos_heap_set
                0x00004550       0x1c out/helloworld@atsame54-xpro/libraries/atsame54.a(soc_impl.o)
                0x00004550                aos_heap_set
 .text.soc_get_cur_sp
                0x0000456c        0x4 out/helloworld@atsame54-xpro/libraries/atsame54.a(soc_impl.o)
                0x0000456c                soc_get_cur_sp
 .text.trace_start
                0x00004570        0xc out/helloworld@atsame54-xpro/libraries/atsame54.a(trace_impl.o)
                0x00004570                trace_start
 .text.hal_flash_get_info
                0x0000457c       0x10 out/helloworld@atsame54-xpro/libraries/atsame54.a(hal_flash_port.o)
                0x0000457c                hal_flash_get_info
 .text.hal_flash_write
                0x0000458c       0x3c out/helloworld@atsame54-xpro/libraries/atsame54.a(hal_flash_port.o)
                0x0000458c                hal_flash_write
 .text.hal_flash_read
                0x000045c8       0x40 out/helloworld@atsame54-xpro/libraries/atsame54.a(hal_flash_port.o)
                0x000045c8                hal_flash_read
 .text.hal_flash_erase
                0x00004608       0x44 out/helloworld@atsame54-xpro/libraries/atsame54.a(hal_flash_port.o)
                0x00004608                hal_flash_erase
 .text.hal_uart_init
                0x0000464c       0x28 out/helloworld@atsame54-xpro/libraries/atsame54.a(hal_uart_start.o)
                0x0000464c                hal_uart_init
 .text.hal_uart_send
                0x00004674       0x30 out/helloworld@atsame54-xpro/libraries/atsame54.a(hal_uart_start.o)
                0x00004674                hal_uart_send
 .text.hal_uart_recv_II
                0x000046a4       0x34 out/helloworld@atsame54-xpro/libraries/atsame54.a(hal_uart_start.o)
                0x000046a4                hal_uart_recv_II
 .text.hal_reboot
                0x000046d8       0x48 out/helloworld@atsame54-xpro/libraries/atsame54.a(misc.o)
                0x000046d8                hal_reboot
 .text.atsamd5x_e5x_ota_set_boot
                0x00004720      0x10c out/helloworld@atsame54-xpro/libraries/atsame54.a(ota_port.o)
 .text.atsamd5x_e5x_ota_read
                0x0000482c       0x40 out/helloworld@atsame54-xpro/libraries/atsame54.a(ota_port.o)
 .text.atsamd5x_e5x_ota_init
                0x0000486c       0x4c out/helloworld@atsame54-xpro/libraries/atsame54.a(ota_port.o)
 .text.atsamd5x_e5x_ota_write
                0x000048b8       0xb0 out/helloworld@atsame54-xpro/libraries/atsame54.a(ota_port.o)
 .text.buf_queue_create
                0x00004968       0x80 out/helloworld@atsame54-xpro/libraries/rhino.a(k_buf_queue.o)
 .text.krhino_buf_queue_create
                0x000049e8       0x14 out/helloworld@atsame54-xpro/libraries/rhino.a(k_buf_queue.o)
                0x000049e8                krhino_buf_queue_create
 .text.krhino_fix_buf_queue_create
                0x000049fc       0x18 out/helloworld@atsame54-xpro/libraries/rhino.a(k_buf_queue.o)
                0x000049fc                krhino_fix_buf_queue_create
 .text.krhino_buf_queue_del
                0x00004a14       0x74 out/helloworld@atsame54-xpro/libraries/rhino.a(k_buf_queue.o)
                0x00004a14                krhino_buf_queue_del
 .text.krhino_buf_queue_send
                0x00004a88       0xb6 out/helloworld@atsame54-xpro/libraries/rhino.a(k_buf_queue.o)
                0x00004a88                krhino_buf_queue_send
 *fill*         0x00004b3e        0x2 
 .text.krhino_buf_queue_recv
                0x00004b40      0x104 out/helloworld@atsame54-xpro/libraries/rhino.a(k_buf_queue.o)
                0x00004b40                krhino_buf_queue_recv
 .text.dyn_mem_proc_task
                0x00004c44       0x78 out/helloworld@atsame54-xpro/libraries/rhino.a(k_dyn_mem_proc.o)
                0x00004c44                dyn_mem_proc_task
 .text.dyn_mem_proc_task_start
                0x00004cbc       0x3c out/helloworld@atsame54-xpro/libraries/rhino.a(k_dyn_mem_proc.o)
                0x00004cbc                dyn_mem_proc_task_start
 .text.k_err_proc
                0x00004cf8       0x10 out/helloworld@atsame54-xpro/libraries/rhino.a(k_err.o)
                0x00004cf8                k_err_proc
 .text.idle_task
                0x00004d08       0x20 out/helloworld@atsame54-xpro/libraries/rhino.a(k_idle.o)
                0x00004d08                idle_task
 .text.size_to_level
                0x00004d28       0x5a out/helloworld@atsame54-xpro/libraries/rhino.a(k_mm.o)
 .text.removesize
                0x00004d82       0x14 out/helloworld@atsame54-xpro/libraries/rhino.a(k_mm.o)
 .text.k_mm_freelist_insert
                0x00004d96       0x34 out/helloworld@atsame54-xpro/libraries/rhino.a(k_mm.o)
 .text.k_mm_freelist_delete
                0x00004dca       0x46 out/helloworld@atsame54-xpro/libraries/rhino.a(k_mm.o)
 .text.k_mm_smallblk_free
                0x00004e10       0x24 out/helloworld@atsame54-xpro/libraries/rhino.a(k_mm.o)
 .text.addsize  0x00004e34       0x36 out/helloworld@atsame54-xpro/libraries/rhino.a(k_mm.o)
 .text.k_mm_alloc
                0x00004e6a      0x158 out/helloworld@atsame54-xpro/libraries/rhino.a(k_mm.o)
                0x00004e6a                k_mm_alloc
 *fill*         0x00004fc2        0x2 
 .text.k_mm_free
                0x00004fc4      0x154 out/helloworld@atsame54-xpro/libraries/rhino.a(k_mm.o)
                0x00004fc4                k_mm_free
 .text.krhino_init_mm_head
                0x00005118      0x10c out/helloworld@atsame54-xpro/libraries/rhino.a(k_mm.o)
                0x00005118                krhino_init_mm_head
 .text.krhino_add_mm_region
                0x00005224       0x9e out/helloworld@atsame54-xpro/libraries/rhino.a(k_mm.o)
                0x00005224                krhino_add_mm_region
 *fill*         0x000052c2        0x2 
 .text.k_mm_init
                0x000052c4       0x3c out/helloworld@atsame54-xpro/libraries/rhino.a(k_mm.o)
                0x000052c4                k_mm_init
 .text.k_mm_realloc
                0x00005300      0x1fc out/helloworld@atsame54-xpro/libraries/rhino.a(k_mm.o)
                0x00005300                k_mm_realloc
 .text.krhino_owner_attach
                0x000054fc       0x30 out/helloworld@atsame54-xpro/libraries/rhino.a(k_mm.o)
                0x000054fc                krhino_owner_attach
 .text.krhino_mm_alloc
                0x0000552c       0x60 out/helloworld@atsame54-xpro/libraries/rhino.a(k_mm.o)
                0x0000552c                krhino_mm_alloc
 .text.krhino_mm_free
                0x0000558c       0x10 out/helloworld@atsame54-xpro/libraries/rhino.a(k_mm.o)
                0x0000558c                krhino_mm_free
 .text.krhino_mm_realloc
                0x0000559c       0x5c out/helloworld@atsame54-xpro/libraries/rhino.a(k_mm.o)
                0x0000559c                krhino_mm_realloc
 .text.krhino_mblk_pool_init
                0x000055f8       0x84 out/helloworld@atsame54-xpro/libraries/rhino.a(k_mm_blk.o)
                0x000055f8                krhino_mblk_pool_init
 .text.krhino_mblk_alloc
                0x0000567c       0x34 out/helloworld@atsame54-xpro/libraries/rhino.a(k_mm_blk.o)
                0x0000567c                krhino_mblk_alloc
 .text.krhino_mblk_free
                0x000056b0       0x28 out/helloworld@atsame54-xpro/libraries/rhino.a(k_mm_blk.o)
                0x000056b0                krhino_mblk_free
 .text.print_block
                0x000056d8       0xcc out/helloworld@atsame54-xpro/libraries/rhino.a(k_mm_debug.o)
                0x000056d8                print_block
 .text.dump_kmm_free_map
                0x000057a4       0x38 out/helloworld@atsame54-xpro/libraries/rhino.a(k_mm_debug.o)
                0x000057a4                dump_kmm_free_map
 .text.dump_kmm_map
                0x000057dc       0x40 out/helloworld@atsame54-xpro/libraries/rhino.a(k_mm_debug.o)
                0x000057dc                dump_kmm_map
 .text.dump_kmm_statistic_info
                0x0000581c       0x94 out/helloworld@atsame54-xpro/libraries/rhino.a(k_mm_debug.o)
                0x0000581c                dump_kmm_statistic_info
 .text.dumpsys_mm_info_func
                0x000058b0       0x70 out/helloworld@atsame54-xpro/libraries/rhino.a(k_mm_debug.o)
                0x000058b0                dumpsys_mm_info_func
 .text.mutex_create
                0x00005920       0x48 out/helloworld@atsame54-xpro/libraries/rhino.a(k_mutex.o)
                0x00005920                mutex_create
 .text.krhino_mutex_create
                0x00005968        0x6 out/helloworld@atsame54-xpro/libraries/rhino.a(k_mutex.o)
                0x00005968                krhino_mutex_create
 .text.mutex_pri_look
                0x0000596e       0x32 out/helloworld@atsame54-xpro/libraries/rhino.a(k_mutex.o)
                0x0000596e                mutex_pri_look
 .text.mutex_release
                0x000059a0       0x1e out/helloworld@atsame54-xpro/libraries/rhino.a(k_mutex.o)
 *fill*         0x000059be        0x2 
 .text.krhino_mutex_del
                0x000059c0       0x78 out/helloworld@atsame54-xpro/libraries/rhino.a(k_mutex.o)
                0x000059c0                krhino_mutex_del
 .text.mutex_task_pri_reset
                0x00005a38       0x20 out/helloworld@atsame54-xpro/libraries/rhino.a(k_mutex.o)
                0x00005a38                mutex_task_pri_reset
 .text.krhino_mutex_lock
                0x00005a58      0x104 out/helloworld@atsame54-xpro/libraries/rhino.a(k_mutex.o)
                0x00005a58                krhino_mutex_lock
 .text.krhino_mutex_unlock
                0x00005b5c       0xbc out/helloworld@atsame54-xpro/libraries/rhino.a(k_mutex.o)
                0x00005b5c                krhino_mutex_unlock
 .text.klist_rm
                0x00005c18        0xc out/helloworld@atsame54-xpro/libraries/rhino.a(k_pend.o)
 .text.pend_list_add
                0x00005c24       0x2c out/helloworld@atsame54-xpro/libraries/rhino.a(k_pend.o)
 .text.pend_task_wakeup
                0x00005c50       0x4c out/helloworld@atsame54-xpro/libraries/rhino.a(k_pend.o)
                0x00005c50                pend_task_wakeup
 .text.pend_to_blk_obj
                0x00005c9c       0x50 out/helloworld@atsame54-xpro/libraries/rhino.a(k_pend.o)
                0x00005c9c                pend_to_blk_obj
 .text.pend_task_rm
                0x00005cec       0x4c out/helloworld@atsame54-xpro/libraries/rhino.a(k_pend.o)
                0x00005cec                pend_task_rm
 .text.pend_list_reorder
                0x00005d38       0x1c out/helloworld@atsame54-xpro/libraries/rhino.a(k_pend.o)
                0x00005d38                pend_list_reorder
 .text.pend_state_end_proc
                0x00005d54       0x36 out/helloworld@atsame54-xpro/libraries/rhino.a(k_pend.o)
                0x00005d54                pend_state_end_proc
 .text.ringbuf_is_full
                0x00005d8a       0x26 out/helloworld@atsame54-xpro/libraries/rhino.a(k_ringbuf.o)
                0x00005d8a                ringbuf_is_full
 .text.ringbuf_push
                0x00005db0       0xfa out/helloworld@atsame54-xpro/libraries/rhino.a(k_ringbuf.o)
                0x00005db0                ringbuf_push
 .text.ringbuf_is_empty
                0x00005eaa       0x10 out/helloworld@atsame54-xpro/libraries/rhino.a(k_ringbuf.o)
                0x00005eaa                ringbuf_is_empty
 .text.ringbuf_pop
                0x00005eba       0xe6 out/helloworld@atsame54-xpro/libraries/rhino.a(k_ringbuf.o)
                0x00005eba                ringbuf_pop
 .text.ringbuf_reset
                0x00005fa0       0x10 out/helloworld@atsame54-xpro/libraries/rhino.a(k_ringbuf.o)
                0x00005fa0                ringbuf_reset
 .text.ringbuf_init
                0x00005fb0       0x16 out/helloworld@atsame54-xpro/libraries/rhino.a(k_ringbuf.o)
                0x00005fb0                ringbuf_init
 .text.ready_list_init
                0x00005fc6       0x4c out/helloworld@atsame54-xpro/libraries/rhino.a(k_sched.o)
 *fill*         0x00006012        0x2 
 .text._ready_list_add_head
                0x00006014       0x3c out/helloworld@atsame54-xpro/libraries/rhino.a(k_sched.o)
 .text._ready_list_add_tail
                0x00006050       0x30 out/helloworld@atsame54-xpro/libraries/rhino.a(k_sched.o)
 .text.krhino_sched_disable
                0x00006080       0x3c out/helloworld@atsame54-xpro/libraries/rhino.a(k_sched.o)
                0x00006080                krhino_sched_disable
 .text.core_sched
                0x000060bc       0x50 out/helloworld@atsame54-xpro/libraries/rhino.a(k_sched.o)
                0x000060bc                core_sched
 .text.krhino_sched_enable
                0x0000610c       0x48 out/helloworld@atsame54-xpro/libraries/rhino.a(k_sched.o)
                0x0000610c                krhino_sched_enable
 .text.runqueue_init
                0x00006154       0x16 out/helloworld@atsame54-xpro/libraries/rhino.a(k_sched.o)
                0x00006154                runqueue_init
 .text.ready_list_add_head
                0x0000616a        0x4 out/helloworld@atsame54-xpro/libraries/rhino.a(k_sched.o)
                0x0000616a                ready_list_add_head
 .text.ready_list_add_tail
                0x0000616e        0x4 out/helloworld@atsame54-xpro/libraries/rhino.a(k_sched.o)
                0x0000616e                ready_list_add_tail
 *fill*         0x00006172        0x2 
 .text.ready_list_add
                0x00006174       0x1c out/helloworld@atsame54-xpro/libraries/rhino.a(k_sched.o)
                0x00006174                ready_list_add
 .text.ready_list_rm
                0x00006190       0xa4 out/helloworld@atsame54-xpro/libraries/rhino.a(k_sched.o)
                0x00006190                ready_list_rm
 .text.preferred_cpu_ready_task_get
                0x00006234        0xc out/helloworld@atsame54-xpro/libraries/rhino.a(k_sched.o)
                0x00006234                preferred_cpu_ready_task_get
 .text.time_slice_update
                0x00006240       0x54 out/helloworld@atsame54-xpro/libraries/rhino.a(k_sched.o)
                0x00006240                time_slice_update
 .text.sem_give
                0x00006294       0x68 out/helloworld@atsame54-xpro/libraries/rhino.a(k_sem.o)
 .text.krhino_sem_create
                0x000062fc       0x48 out/helloworld@atsame54-xpro/libraries/rhino.a(k_sem.o)
                0x000062fc                krhino_sem_create
 .text.krhino_sem_del
                0x00006344       0x6c out/helloworld@atsame54-xpro/libraries/rhino.a(k_sem.o)
                0x00006344                krhino_sem_del
 .text.krhino_sem_give
                0x000063b0        0xc out/helloworld@atsame54-xpro/libraries/rhino.a(k_sem.o)
                0x000063b0                krhino_sem_give
 .text.krhino_sem_give_all
                0x000063bc        0xc out/helloworld@atsame54-xpro/libraries/rhino.a(k_sem.o)
                0x000063bc                krhino_sem_give_all
 .text.krhino_sem_take
                0x000063c8       0xa8 out/helloworld@atsame54-xpro/libraries/rhino.a(k_sem.o)
                0x000063c8                krhino_sem_take
 .text.kobj_list_init
                0x00006470       0x3c out/helloworld@atsame54-xpro/libraries/rhino.a(k_stats.o)
                0x00006470                kobj_list_init
 .text.krhino_stack_ovf_check
                0x000064ac       0x3c out/helloworld@atsame54-xpro/libraries/rhino.a(k_stats.o)
                0x000064ac                krhino_stack_ovf_check
 .text.krhino_init
                0x000064e8       0x84 out/helloworld@atsame54-xpro/libraries/rhino.a(k_sys.o)
                0x000064e8                krhino_init
 .text.krhino_start
                0x0000656c       0x3c out/helloworld@atsame54-xpro/libraries/rhino.a(k_sys.o)
                0x0000656c                krhino_start
 .text.krhino_intrpt_enter
                0x000065a8       0x1c out/helloworld@atsame54-xpro/libraries/rhino.a(k_sys.o)
                0x000065a8                krhino_intrpt_enter
 .text.krhino_intrpt_exit
                0x000065c4       0x50 out/helloworld@atsame54-xpro/libraries/rhino.a(k_sys.o)
                0x000065c4                krhino_intrpt_exit
 .text.krhino_version_get
                0x00006614        0x6 out/helloworld@atsame54-xpro/libraries/rhino.a(k_sys.o)
                0x00006614                krhino_version_get
 .text.klist_rm
                0x0000661a        0xc out/helloworld@atsame54-xpro/libraries/rhino.a(k_task.o)
 .text.task_mutex_free.isra.2
                0x00006626       0x32 out/helloworld@atsame54-xpro/libraries/rhino.a(k_task.o)
 .text.task_create.isra.0.part.1
                0x00006658      0x120 out/helloworld@atsame54-xpro/libraries/rhino.a(k_task.o)
 .text.krhino_task_create
                0x00006778       0x4c out/helloworld@atsame54-xpro/libraries/rhino.a(k_task.o)
                0x00006778                krhino_task_create
 .text.task_dyn_create
                0x000067c4       0xb0 out/helloworld@atsame54-xpro/libraries/rhino.a(k_task.o)
                0x000067c4                task_dyn_create
 .text.krhino_task_dyn_create
                0x00006874       0x28 out/helloworld@atsame54-xpro/libraries/rhino.a(k_task.o)
                0x00006874                krhino_task_dyn_create
 .text.krhino_task_sleep
                0x0000689c       0x80 out/helloworld@atsame54-xpro/libraries/rhino.a(k_task.o)
                0x0000689c                krhino_task_sleep
 .text.krhino_cur_task_get
                0x0000691c       0x18 out/helloworld@atsame54-xpro/libraries/rhino.a(k_task.o)
                0x0000691c                krhino_cur_task_get
 .text.krhino_task_stack_min_free
                0x00006934       0x2c out/helloworld@atsame54-xpro/libraries/rhino.a(k_task.o)
                0x00006934                krhino_task_stack_min_free
 .text.krhino_task_stack_cur_free
                0x00006960       0x68 out/helloworld@atsame54-xpro/libraries/rhino.a(k_task.o)
                0x00006960                krhino_task_stack_cur_free
 .text.task_pri_change
                0x000069c8       0xb4 out/helloworld@atsame54-xpro/libraries/rhino.a(k_task.o)
                0x000069c8                task_pri_change
 .text.krhino_task_del
                0x00006a7c       0xe0 out/helloworld@atsame54-xpro/libraries/rhino.a(k_task.o)
                0x00006a7c                krhino_task_del
 .text.krhino_task_dyn_del
                0x00006b5c      0x130 out/helloworld@atsame54-xpro/libraries/rhino.a(k_task.o)
                0x00006b5c                krhino_task_dyn_del
 .text.krhino_task_info_set
                0x00006c8c       0x28 out/helloworld@atsame54-xpro/libraries/rhino.a(k_task.o)
                0x00006c8c                krhino_task_info_set
 .text.krhino_task_info_get
                0x00006cb4       0x1c out/helloworld@atsame54-xpro/libraries/rhino.a(k_task.o)
                0x00006cb4                krhino_task_info_get
 .text.krhino_task_deathbed
                0x00006cd0       0x22 out/helloworld@atsame54-xpro/libraries/rhino.a(k_task.o)
                0x00006cd0                krhino_task_deathbed
 *fill*         0x00006cf2        0x2 
 .text.tick_list_init
                0x00006cf4        0xc out/helloworld@atsame54-xpro/libraries/rhino.a(k_tick.o)
                0x00006cf4                tick_list_init
 .text.tick_list_insert
                0x00006d00       0x64 out/helloworld@atsame54-xpro/libraries/rhino.a(k_tick.o)
                0x00006d00                tick_list_insert
 .text.tick_list_rm
                0x00006d64       0x14 out/helloworld@atsame54-xpro/libraries/rhino.a(k_tick.o)
                0x00006d64                tick_list_rm
 .text.tick_list_update
                0x00006d78      0x104 out/helloworld@atsame54-xpro/libraries/rhino.a(k_tick.o)
                0x00006d78                tick_list_update
 .text.krhino_tick_proc
                0x00006e7c       0x12 out/helloworld@atsame54-xpro/libraries/rhino.a(k_time.o)
                0x00006e7c                krhino_tick_proc
 *fill*         0x00006e8e        0x2 
 .text.krhino_sys_tick_get
                0x00006e90       0x1c out/helloworld@atsame54-xpro/libraries/rhino.a(k_time.o)
                0x00006e90                krhino_sys_tick_get
 .text.krhino_sys_time_get
                0x00006eac       0x20 out/helloworld@atsame54-xpro/libraries/rhino.a(k_time.o)
                0x00006eac                krhino_sys_time_get
 .text.krhino_ms_to_ticks
                0x00006ecc       0x3c out/helloworld@atsame54-xpro/libraries/rhino.a(k_time.o)
                0x00006ecc                krhino_ms_to_ticks
 .text.timer_list_pri_insert.constprop.3
                0x00006f08       0x48 out/helloworld@atsame54-xpro/libraries/rhino.a(k_timer.o)
 .text.cmd_proc
                0x00006f50      0x104 out/helloworld@atsame54-xpro/libraries/rhino.a(k_timer.o)
 .text.timer_cmd_proc
                0x00007054       0x24 out/helloworld@atsame54-xpro/libraries/rhino.a(k_timer.o)
 .text.timer_task
                0x00007078       0xfc out/helloworld@atsame54-xpro/libraries/rhino.a(k_timer.o)
 .text.krhino_timer_dyn_del
                0x00007174       0x24 out/helloworld@atsame54-xpro/libraries/rhino.a(k_timer.o)
                0x00007174                krhino_timer_dyn_del
 .text.krhino_timer_start
                0x00007198       0x24 out/helloworld@atsame54-xpro/libraries/rhino.a(k_timer.o)
                0x00007198                krhino_timer_start
 .text.krhino_timer_dyn_create
                0x000071bc       0xc4 out/helloworld@atsame54-xpro/libraries/rhino.a(k_timer.o)
                0x000071bc                krhino_timer_dyn_create
 .text.krhino_timer_stop
                0x00007280       0x24 out/helloworld@atsame54-xpro/libraries/rhino.a(k_timer.o)
                0x00007280                krhino_timer_stop
 .text.krhino_timer_arg_change_auto
                0x000072a4       0x28 out/helloworld@atsame54-xpro/libraries/rhino.a(k_timer.o)
                0x000072a4                krhino_timer_arg_change_auto
 .text.ktimer_init
                0x000072cc       0x64 out/helloworld@atsame54-xpro/libraries/rhino.a(k_timer.o)
                0x000072cc                ktimer_init
 .text.klist_rm_init
                0x00007330       0x10 out/helloworld@atsame54-xpro/libraries/rhino.a(k_workqueue.o)
 .text.worker_task
                0x00007340       0x4a out/helloworld@atsame54-xpro/libraries/rhino.a(k_workqueue.o)
 .text.work_timer_cb
                0x0000738a       0x52 out/helloworld@atsame54-xpro/libraries/rhino.a(k_workqueue.o)
 .text.krhino_workqueue_create
                0x000073dc       0xe8 out/helloworld@atsame54-xpro/libraries/rhino.a(k_workqueue.o)
                0x000073dc                krhino_workqueue_create
 .text.krhino_work_init
                0x000074c4       0x64 out/helloworld@atsame54-xpro/libraries/rhino.a(k_workqueue.o)
                0x000074c4                krhino_work_init
 .text.krhino_work_run
                0x00007528       0x86 out/helloworld@atsame54-xpro/libraries/rhino.a(k_workqueue.o)
                0x00007528                krhino_work_run
 *fill*         0x000075ae        0x2 
 .text.krhino_work_sched
                0x000075b0        0xc out/helloworld@atsame54-xpro/libraries/rhino.a(k_workqueue.o)
                0x000075b0                krhino_work_sched
 .text.workqueue_init
                0x000075bc       0x30 out/helloworld@atsame54-xpro/libraries/rhino.a(k_workqueue.o)
                0x000075bc                workqueue_init
 .text.ip4addr_aton
                0x000075ec      0x15c out/helloworld@atsame54-xpro/libraries/sal.a(ip4_addr.o)
                0x000075ec                ip4addr_aton
 .text.ipaddr_addr
                0x00007748       0x18 out/helloworld@atsame54-xpro/libraries/sal.a(ip4_addr.o)
                0x00007748                ipaddr_addr
 .text.sal_module_register
                0x00007760       0x6c out/helloworld@atsame54-xpro/libraries/sal.a(sal.o)
                0x00007760                sal_module_register
 .text.sal_module_start
                0x000077cc       0xc0 out/helloworld@atsame54-xpro/libraries/sal.a(sal.o)
                0x000077cc                sal_module_start
 .text.sal_module_close
                0x0000788c       0x70 out/helloworld@atsame54-xpro/libraries/sal.a(sal.o)
                0x0000788c                sal_module_close
 .text.sal_sem_new
                0x000078fc       0x10 out/helloworld@atsame54-xpro/libraries/sal.a(sal_arch.o)
                0x000078fc                sal_sem_new
 .text.sal_sem_free
                0x0000790c        0x8 out/helloworld@atsame54-xpro/libraries/sal.a(sal_arch.o)
                0x0000790c                sal_sem_free
 .text.sal_sem_signal
                0x00007914        0x4 out/helloworld@atsame54-xpro/libraries/sal.a(sal_arch.o)
                0x00007914                sal_sem_signal
 .text.sal_mbox_new
                0x00007918       0x2a out/helloworld@atsame54-xpro/libraries/sal.a(sal_arch.o)
                0x00007918                sal_mbox_new
 .text.sal_mbox_free
                0x00007942       0x1c out/helloworld@atsame54-xpro/libraries/sal.a(sal_arch.o)
                0x00007942                sal_mbox_free
 .text.sal_mbox_trypost
                0x0000795e       0x1e out/helloworld@atsame54-xpro/libraries/sal.a(sal_arch.o)
                0x0000795e                sal_mbox_trypost
 .text.sal_arch_mbox_tryfetch
                0x0000797c       0x1a out/helloworld@atsame54-xpro/libraries/sal.a(sal_arch.o)
                0x0000797c                sal_arch_mbox_tryfetch
 .text.sal_mutex_lock
                0x00007996        0x8 out/helloworld@atsame54-xpro/libraries/sal.a(sal_arch.o)
                0x00007996                sal_mutex_lock
 .text.sal_mutex_unlock
                0x0000799e        0x4 out/helloworld@atsame54-xpro/libraries/sal.a(sal_arch.o)
                0x0000799e                sal_mutex_unlock
 .text.sal_now  0x000079a2        0x8 out/helloworld@atsame54-xpro/libraries/sal.a(sal_arch.o)
                0x000079a2                sal_now
 .text.sal_arch_sem_wait
                0x000079aa       0x44 out/helloworld@atsame54-xpro/libraries/sal.a(sal_arch.o)
                0x000079aa                sal_arch_sem_wait
 *fill*         0x000079ee        0x2 
 .text.sal_arch_protect
                0x000079f0       0x14 out/helloworld@atsame54-xpro/libraries/sal.a(sal_arch.o)
                0x000079f0                sal_arch_protect
 .text.sal_arch_unprotect
                0x00007a04        0xc out/helloworld@atsame54-xpro/libraries/sal.a(sal_arch.o)
                0x00007a04                sal_arch_unprotect
 .text.sal_device_init
                0x00007a10       0x44 out/helloworld@atsame54-xpro/libraries/sal.a(sal_device.o)
                0x00007a10                sal_device_init
 .text.err_to_errno
                0x00007a54       0x1c out/helloworld@atsame54-xpro/libraries/sal.a(sal_err.o)
                0x00007a54                err_to_errno
 .text.ipstr_to_u32
                0x00007a70       0x52 out/helloworld@atsame54-xpro/libraries/sal.a(sal_sockets.o)
 *fill*         0x00007ac2        0x2 
 .text.tryget_event
                0x00007ac4       0x20 out/helloworld@atsame54-xpro/libraries/sal.a(sal_sockets.o)
 .text.sal_udp_new_port
                0x00007ae4       0x58 out/helloworld@atsame54-xpro/libraries/sal.a(sal_sockets.o)
 .text.sal_udp_bind
                0x00007b3c       0xbc out/helloworld@atsame54-xpro/libraries/sal.a(sal_sockets.o)
 .text.salnetconn_new
                0x00007bf8      0x168 out/helloworld@atsame54-xpro/libraries/sal.a(sal_sockets.o)
 .text.get_socket
                0x00007d60       0x30 out/helloworld@atsame54-xpro/libraries/sal.a(sal_sockets.o)
 .text.salnetconn_connect
                0x00007d90      0x238 out/helloworld@atsame54-xpro/libraries/sal.a(sal_sockets.o)
 .text.salnetconn_delete
                0x00007fc8      0x140 out/helloworld@atsame54-xpro/libraries/sal.a(sal_sockets.o)
 .text.ip4_sockaddr_to_ipstr_port
                0x00008108       0x40 out/helloworld@atsame54-xpro/libraries/sal.a(sal_sockets.o)
 .text.sal_selscan
                0x00008148      0x1dc out/helloworld@atsame54-xpro/libraries/sal.a(sal_sockets.o)
 .text.sal_eventfd
                0x00008324       0x44 out/helloworld@atsame54-xpro/libraries/sal.a(sal_sockets.o)
                0x00008324                sal_eventfd
 .text.sal_select
                0x00008368      0x380 out/helloworld@atsame54-xpro/libraries/sal.a(sal_sockets.o)
                0x00008368                sal_select
 .text.sal_deal_event
                0x000086e8      0x170 out/helloworld@atsame54-xpro/libraries/sal.a(sal_sockets.o)
                0x000086e8                sal_deal_event
 .text.sal_sendto
                0x00008858      0x27c out/helloworld@atsame54-xpro/libraries/sal.a(sal_sockets.o)
                0x00008858                sal_sendto
 .text.sal_send
                0x00008ad4       0x10 out/helloworld@atsame54-xpro/libraries/sal.a(sal_sockets.o)
                0x00008ad4                sal_send
 .text.sal_write
                0x00008ae4       0x5a out/helloworld@atsame54-xpro/libraries/sal.a(sal_sockets.o)
                0x00008ae4                sal_write
 *fill*         0x00008b3e        0x2 
 .text.sal_socket
                0x00008b40       0xb4 out/helloworld@atsame54-xpro/libraries/sal.a(sal_sockets.o)
                0x00008b40                sal_socket
 .text.sal_close
                0x00008bf4       0xdc out/helloworld@atsame54-xpro/libraries/sal.a(sal_sockets.o)
                0x00008bf4                sal_close
 .text.socket_data_len_check
                0x00008cd0       0x10 out/helloworld@atsame54-xpro/libraries/device_sal_mk3060.a(mk3060.o)
 .text.socket_ip_info_check
                0x00008ce0       0x18 out/helloworld@atsame54-xpro/libraries/device_sal_mk3060.a(mk3060.o)
 .text.mk3060_wifi_packet_input_cb_register
                0x00008cf8       0x10 out/helloworld@atsame54-xpro/libraries/device_sal_mk3060.a(mk3060.o)
 .text.socket_data_info_get
                0x00008d08       0xa8 out/helloworld@atsame54-xpro/libraries/device_sal_mk3060.a(mk3060.o)
 .text.sal_wifi_start
                0x00008db0      0x334 out/helloworld@atsame54-xpro/libraries/device_sal_mk3060.a(mk3060.o)
                0x00008db0                sal_wifi_start
 .text.sal_wifi_deinit
                0x000090e4       0x1c out/helloworld@atsame54-xpro/libraries/device_sal_mk3060.a(mk3060.o)
 .text.sal_wifi_domain_to_ip
                0x00009100      0x174 out/helloworld@atsame54-xpro/libraries/device_sal_mk3060.a(mk3060.o)
 .text.sal_wifi_init
                0x00009274      0x20c out/helloworld@atsame54-xpro/libraries/device_sal_mk3060.a(mk3060.o)
 .text.mk3060wifi_event_handler
                0x00009480      0x14c out/helloworld@atsame54-xpro/libraries/device_sal_mk3060.a(mk3060.o)
 .text.mk3060_get_local_ip_addr
                0x000095cc       0x44 out/helloworld@atsame54-xpro/libraries/device_sal_mk3060.a(mk3060.o)
 .text.handle_tcp_udp_client_conn_state
                0x00009610      0x168 out/helloworld@atsame54-xpro/libraries/device_sal_mk3060.a(mk3060.o)
 .text.net_event_handler
                0x00009778      0x64c out/helloworld@atsame54-xpro/libraries/device_sal_mk3060.a(mk3060.o)
 .text.fd_to_linkid
                0x00009dc4       0x7c out/helloworld@atsame54-xpro/libraries/device_sal_mk3060.a(mk3060.o)
 .text.sal_wifi_send
                0x00009e40       0xec out/helloworld@atsame54-xpro/libraries/device_sal_mk3060.a(mk3060.o)
 .text.sal_wifi_close
                0x00009f2c      0x180 out/helloworld@atsame54-xpro/libraries/device_sal_mk3060.a(mk3060.o)
 .text.mk3060_sal_init
                0x0000a0ac        0xc out/helloworld@atsame54-xpro/libraries/device_sal_mk3060.a(mk3060.o)
                0x0000a0ac                mk3060_sal_init
 .text.get_link_stat
                0x0000a0b8        0x4 out/helloworld@atsame54-xpro/libraries/device_sal_mk3060.a(wifi_atcmd.o)
 .text.suspend_soft_ap
                0x0000a0bc        0x4 out/helloworld@atsame54-xpro/libraries/device_sal_mk3060.a(wifi_atcmd.o)
 .text.set_channel
                0x0000a0c0        0x4 out/helloworld@atsame54-xpro/libraries/device_sal_mk3060.a(wifi_atcmd.o)
 .text.stop_monitor
                0x0000a0c4        0x2 out/helloworld@atsame54-xpro/libraries/device_sal_mk3060.a(wifi_atcmd.o)
 .text.register_wlan_mgnt_monitor_cb
                0x0000a0c6        0x2 out/helloworld@atsame54-xpro/libraries/device_sal_mk3060.a(wifi_atcmd.o)
 .text.wlan_send_80211_raw_frame
                0x0000a0c8        0x4 out/helloworld@atsame54-xpro/libraries/device_sal_mk3060.a(wifi_atcmd.o)
 .text.get_mac_helper
                0x0000a0cc      0x108 out/helloworld@atsame54-xpro/libraries/device_sal_mk3060.a(wifi_atcmd.o)
 .text.get_ip_stat_helper
                0x0000a1d4       0xf4 out/helloworld@atsame54-xpro/libraries/device_sal_mk3060.a(wifi_atcmd.o)
 .text.get_ip_stat
                0x0000a2c8        0xc out/helloworld@atsame54-xpro/libraries/device_sal_mk3060.a(wifi_atcmd.o)
 .text.wifi_start
                0x0000a2d4      0x128 out/helloworld@atsame54-xpro/libraries/device_sal_mk3060.a(wifi_atcmd.o)
 .text.wifi_get_mac_addr
                0x0000a3fc       0xd4 out/helloworld@atsame54-xpro/libraries/device_sal_mk3060.a(wifi_atcmd.o)
 .text.wifi_init
                0x0000a4d0       0x38 out/helloworld@atsame54-xpro/libraries/device_sal_mk3060.a(wifi_atcmd.o)
 .text.wifi_start_adv
                0x0000a508        0x4 out/helloworld@atsame54-xpro/libraries/device_sal_mk3060.a(wifi_atcmd.o)
 .text.power_off
                0x0000a50c        0x4 out/helloworld@atsame54-xpro/libraries/device_sal_mk3060.a(wifi_atcmd.o)
 .text.power_on
                0x0000a510        0x4 out/helloworld@atsame54-xpro/libraries/device_sal_mk3060.a(wifi_atcmd.o)
 .text.suspend  0x0000a514        0x4 out/helloworld@atsame54-xpro/libraries/device_sal_mk3060.a(wifi_atcmd.o)
 .text.suspend_station
                0x0000a518        0x4 out/helloworld@atsame54-xpro/libraries/device_sal_mk3060.a(wifi_atcmd.o)
 .text.register_monitor_cb
                0x0000a51c        0x2 out/helloworld@atsame54-xpro/libraries/device_sal_mk3060.a(wifi_atcmd.o)
 .text.start_scan
                0x0000a51e        0x2 out/helloworld@atsame54-xpro/libraries/device_sal_mk3060.a(wifi_atcmd.o)
 .text.start_scan_adv
                0x0000a520        0x2 out/helloworld@atsame54-xpro/libraries/device_sal_mk3060.a(wifi_atcmd.o)
 .text.start_monitor
                0x0000a522        0x2 out/helloworld@atsame54-xpro/libraries/device_sal_mk3060.a(wifi_atcmd.o)
 .text.at_wevent_handler
                0x0000a524       0x40 out/helloworld@atsame54-xpro/libraries/device_sal_mk3060.a(wifi_atcmd.o)
                0x0000a524                at_wevent_handler
 .text.aos_task_new
                0x0000a564       0xea out/helloworld@atsame54-xpro/libraries/vcall.a(aos_rhino.o)
                0x0000a564                aos_task_new
 .text.aos_task_new_ext
                0x0000a64e       0xe6 out/helloworld@atsame54-xpro/libraries/vcall.a(aos_rhino.o)
                0x0000a64e                aos_task_new_ext
 .text.aos_task_exit
                0x0000a734        0x6 out/helloworld@atsame54-xpro/libraries/vcall.a(aos_rhino.o)
                0x0000a734                aos_task_exit
 .text.aos_task_name
                0x0000a73a        0xa out/helloworld@atsame54-xpro/libraries/vcall.a(aos_rhino.o)
                0x0000a73a                aos_task_name
 .text.aos_task_key_create
                0x0000a744       0x30 out/helloworld@atsame54-xpro/libraries/vcall.a(aos_rhino.o)
                0x0000a744                aos_task_key_create
 .text.aos_task_setspecific
                0x0000a774       0xd2 out/helloworld@atsame54-xpro/libraries/vcall.a(aos_rhino.o)
                0x0000a774                aos_task_setspecific
 .text.aos_task_getspecific
                0x0000a846       0x1e out/helloworld@atsame54-xpro/libraries/vcall.a(aos_rhino.o)
                0x0000a846                aos_task_getspecific
 .text.aos_mutex_lock
                0x0000a864       0xf8 out/helloworld@atsame54-xpro/libraries/vcall.a(aos_rhino.o)
                0x0000a864                aos_mutex_lock
 .text.aos_mutex_unlock
                0x0000a95c       0xda out/helloworld@atsame54-xpro/libraries/vcall.a(aos_rhino.o)
                0x0000a95c                aos_mutex_unlock
 .text.aos_sem_wait
                0x0000aa36       0xec out/helloworld@atsame54-xpro/libraries/vcall.a(aos_rhino.o)
                0x0000aa36                aos_sem_wait
 .text.aos_sem_signal
                0x0000ab22        0xa out/helloworld@atsame54-xpro/libraries/vcall.a(aos_rhino.o)
                0x0000ab22                aos_sem_signal
 .text.aos_sem_signal_all
                0x0000ab2c        0xa out/helloworld@atsame54-xpro/libraries/vcall.a(aos_rhino.o)
                0x0000ab2c                aos_sem_signal_all
 .text.aos_queue_send
                0x0000ab36       0xd2 out/helloworld@atsame54-xpro/libraries/vcall.a(aos_rhino.o)
                0x0000ab36                aos_queue_send
 .text.aos_queue_recv
                0x0000ac08       0xe6 out/helloworld@atsame54-xpro/libraries/vcall.a(aos_rhino.o)
                0x0000ac08                aos_queue_recv
 .text.aos_queue_is_valid
                0x0000acee        0xc out/helloworld@atsame54-xpro/libraries/vcall.a(aos_rhino.o)
                0x0000acee                aos_queue_is_valid
 .text.aos_sem_is_valid
                0x0000acfa        0x4 out/helloworld@atsame54-xpro/libraries/vcall.a(aos_rhino.o)
                0x0000acfa                aos_sem_is_valid
 .text.aos_mutex_is_valid
                0x0000acfe        0x4 out/helloworld@atsame54-xpro/libraries/vcall.a(aos_rhino.o)
                0x0000acfe                aos_mutex_is_valid
 .text.aos_queue_buf_ptr
                0x0000ad02       0x10 out/helloworld@atsame54-xpro/libraries/vcall.a(aos_rhino.o)
                0x0000ad02                aos_queue_buf_ptr
 .text.aos_work_sched
                0x0000ad12       0xce out/helloworld@atsame54-xpro/libraries/vcall.a(aos_rhino.o)
                0x0000ad12                aos_work_sched
 .text.aos_zalloc
                0x0000ade0       0x44 out/helloworld@atsame54-xpro/libraries/vcall.a(aos_rhino.o)
                0x0000ade0                aos_zalloc
 .text.aos_malloc
                0x0000ae24       0x34 out/helloworld@atsame54-xpro/libraries/vcall.a(aos_rhino.o)
                0x0000ae24                aos_malloc
 .text.aos_realloc
                0x0000ae58       0x30 out/helloworld@atsame54-xpro/libraries/vcall.a(aos_rhino.o)
                0x0000ae58                aos_realloc
 .text.aos_alloc_trace
                0x0000ae88       0x10 out/helloworld@atsame54-xpro/libraries/vcall.a(aos_rhino.o)
                0x0000ae88                aos_alloc_trace
 .text.aos_free
                0x0000ae98        0x8 out/helloworld@atsame54-xpro/libraries/vcall.a(aos_rhino.o)
                0x0000ae98                aos_free
 .text.aos_mutex_new
                0x0000aea0       0xf0 out/helloworld@atsame54-xpro/libraries/vcall.a(aos_rhino.o)
                0x0000aea0                aos_mutex_new
 .text.aos_mutex_free
                0x0000af90       0x18 out/helloworld@atsame54-xpro/libraries/vcall.a(aos_rhino.o)
                0x0000af90                aos_mutex_free
 .text.aos_sem_new
                0x0000afa8       0xf4 out/helloworld@atsame54-xpro/libraries/vcall.a(aos_rhino.o)
                0x0000afa8                aos_sem_new
 .text.aos_sem_free
                0x0000b09c       0x18 out/helloworld@atsame54-xpro/libraries/vcall.a(aos_rhino.o)
                0x0000b09c                aos_sem_free
 .text.aos_queue_new
                0x0000b0b4      0x108 out/helloworld@atsame54-xpro/libraries/vcall.a(aos_rhino.o)
                0x0000b0b4                aos_queue_new
 .text.aos_queue_free
                0x0000b1bc       0x18 out/helloworld@atsame54-xpro/libraries/vcall.a(aos_rhino.o)
                0x0000b1bc                aos_queue_free
 .text.aos_work_init
                0x0000b1d4      0x106 out/helloworld@atsame54-xpro/libraries/vcall.a(aos_rhino.o)
                0x0000b1d4                aos_work_init
 .text.aos_work_destroy
                0x0000b2da       0x22 out/helloworld@atsame54-xpro/libraries/vcall.a(aos_rhino.o)
                0x0000b2da                aos_work_destroy
 .text.aos_now_ms
                0x0000b2fc        0x4 out/helloworld@atsame54-xpro/libraries/vcall.a(aos_rhino.o)
                0x0000b2fc                aos_now_ms
 .text.aos_msleep
                0x0000b300       0x10 out/helloworld@atsame54-xpro/libraries/vcall.a(aos_rhino.o)
                0x0000b300                aos_msleep
 .text.aos_init
                0x0000b310        0x4 out/helloworld@atsame54-xpro/libraries/vcall.a(aos_rhino.o)
                0x0000b310                aos_init
 .text.aos_start
                0x0000b314        0x4 out/helloworld@atsame54-xpro/libraries/vcall.a(aos_rhino.o)
                0x0000b314                aos_start
 .text.event_poll
                0x0000b318       0x48 out/helloworld@atsame54-xpro/libraries/vfs.a(device.o)
 .text.event_open
                0x0000b360       0x30 out/helloworld@atsame54-xpro/libraries/vfs.a(device.o)
 .text._event_write.isra.0
                0x0000b390       0x96 out/helloworld@atsame54-xpro/libraries/vfs.a(device.o)
 .text.event_ioctl
                0x0000b426       0x24 out/helloworld@atsame54-xpro/libraries/vfs.a(device.o)
 .text.event_write
                0x0000b44a        0x8 out/helloworld@atsame54-xpro/libraries/vfs.a(device.o)
 .text.event_close
                0x0000b452       0x44 out/helloworld@atsame54-xpro/libraries/vfs.a(device.o)
 .text.event_read
                0x0000b496       0x64 out/helloworld@atsame54-xpro/libraries/vfs.a(device.o)
 *fill*         0x0000b4fa        0x2 
 .text.vfs_device_init
                0x0000b4fc       0x2c out/helloworld@atsame54-xpro/libraries/vfs.a(device.o)
                0x0000b4fc                vfs_device_init
 .text.vfs_poll_notify
                0x0000b528       0x1a out/helloworld@atsame54-xpro/libraries/vfs.a(select.o)
 *fill*         0x0000b542        0x2 
 .text.aos_poll
                0x0000b544      0x1c0 out/helloworld@atsame54-xpro/libraries/vfs.a(select.o)
                0x0000b544                aos_poll
 .text.aos_fcntl
                0x0000b704       0x16 out/helloworld@atsame54-xpro/libraries/vfs.a(select.o)
                0x0000b704                aos_fcntl
 *fill*         0x0000b71a        0x2 
 .text.vfs_init
                0x0000b71c       0x30 out/helloworld@atsame54-xpro/libraries/vfs.a(vfs.o)
                0x0000b71c                vfs_init
 .text.aos_open
                0x0000b74c       0x94 out/helloworld@atsame54-xpro/libraries/vfs.a(vfs.o)
                0x0000b74c                aos_open
 .text.aos_read
                0x0000b7e0       0x2a out/helloworld@atsame54-xpro/libraries/vfs.a(vfs.o)
                0x0000b7e0                aos_read
 .text.aos_ioctl
                0x0000b80a       0x3c out/helloworld@atsame54-xpro/libraries/vfs.a(vfs.o)
                0x0000b80a                aos_ioctl
 *fill*         0x0000b846        0x2 
 .text.new_file
                0x0000b848       0x30 out/helloworld@atsame54-xpro/libraries/vfs.a(vfs_file.o)
                0x0000b848                new_file
 .text.del_file
                0x0000b878       0x10 out/helloworld@atsame54-xpro/libraries/vfs.a(vfs_file.o)
                0x0000b878                del_file
 .text.get_fd   0x0000b888       0x18 out/helloworld@atsame54-xpro/libraries/vfs.a(vfs_file.o)
                0x0000b888                get_fd
 .text.get_file
                0x0000b8a0       0x20 out/helloworld@atsame54-xpro/libraries/vfs.a(vfs_file.o)
                0x0000b8a0                get_file
 .text.inode_init
                0x0000b8c0       0x18 out/helloworld@atsame54-xpro/libraries/vfs.a(vfs_inode.o)
                0x0000b8c0                inode_init
 .text.inode_alloc
                0x0000b8d8       0x20 out/helloworld@atsame54-xpro/libraries/vfs.a(vfs_inode.o)
                0x0000b8d8                inode_alloc
 .text.inode_open
                0x0000b8f8       0x50 out/helloworld@atsame54-xpro/libraries/vfs.a(vfs_inode.o)
                0x0000b8f8                inode_open
 .text.inode_ref
                0x0000b948        0x8 out/helloworld@atsame54-xpro/libraries/vfs.a(vfs_inode.o)
                0x0000b948                inode_ref
 .text.inode_unref
                0x0000b950        0xa out/helloworld@atsame54-xpro/libraries/vfs.a(vfs_inode.o)
                0x0000b950                inode_unref
 *fill*         0x0000b95a        0x2 
 .text.inode_reserve
                0x0000b95c       0x6c out/helloworld@atsame54-xpro/libraries/vfs.a(vfs_inode.o)
                0x0000b95c                inode_reserve
 .text.aos_register_driver
                0x0000b9c8       0x64 out/helloworld@atsame54-xpro/libraries/vfs.a(vfs_register.o)
                0x0000b9c8                aos_register_driver
 .text.event_read_cb
                0x0000ba2c       0x4c out/helloworld@atsame54-xpro/libraries/yloop.a(local_event.o)
 .text._schedule_call
                0x0000ba78       0x7c out/helloworld@atsame54-xpro/libraries/yloop.a(local_event.o)
 .text.aos_event_service_init
                0x0000baf4       0x38 out/helloworld@atsame54-xpro/libraries/yloop.a(local_event.o)
                0x0000baf4                aos_event_service_init
 .text.aos_loop_schedule_call
                0x0000bb2c        0x6 out/helloworld@atsame54-xpro/libraries/yloop.a(local_event.o)
                0x0000bb2c                aos_loop_schedule_call
 .text.run_my_work
                0x0000bb32       0x2c out/helloworld@atsame54-xpro/libraries/yloop.a(local_event.o)
 *fill*         0x0000bb5e        0x2 
 .text.aos_loop_schedule_work
                0x0000bb60       0x70 out/helloworld@atsame54-xpro/libraries/yloop.a(local_event.o)
                0x0000bb60                aos_loop_schedule_work
 .text.get_context
                0x0000bbd0       0x24 out/helloworld@atsame54-xpro/libraries/yloop.a(yloop.o)
 .text.aos_loop_set_eventfd
                0x0000bbf4        0xc out/helloworld@atsame54-xpro/libraries/yloop.a(yloop.o)
                0x0000bbf4                aos_loop_set_eventfd
 .text.aos_loop_get_eventfd
                0x0000bc00        0xc out/helloworld@atsame54-xpro/libraries/yloop.a(yloop.o)
                0x0000bc00                aos_loop_get_eventfd
 .text.aos_current_loop
                0x0000bc0c        0x4 out/helloworld@atsame54-xpro/libraries/yloop.a(yloop.o)
                0x0000bc0c                aos_current_loop
 .text.aos_loop_init
                0x0000bc10       0x84 out/helloworld@atsame54-xpro/libraries/yloop.a(yloop.o)
                0x0000bc10                aos_loop_init
 .text.aos_poll_read_fd
                0x0000bc94       0xfc out/helloworld@atsame54-xpro/libraries/yloop.a(yloop.o)
                0x0000bc94                aos_poll_read_fd
 .text.aos_post_delayed_action
                0x0000bd90       0x70 out/helloworld@atsame54-xpro/libraries/yloop.a(yloop.o)
                0x0000bd90                aos_post_delayed_action
 .text.aos_loop_run
                0x0000be00      0x114 out/helloworld@atsame54-xpro/libraries/yloop.a(yloop.o)
                0x0000be00                aos_loop_run
 .text          0x0000bf14      0x370 c:/users/a16023/github/alios-things/build/compiler/gcc-arm-none-eabi/win32/bin/../lib/gcc/arm-none-eabi/5.4.1/armv7e-m\libgcc.a(_arm_addsubdf3.o)
                0x0000bf14                __aeabi_drsub
                0x0000bf1c                __aeabi_dsub
                0x0000bf1c                __subdf3
                0x0000bf20                __aeabi_dadd
                0x0000bf20                __adddf3
                0x0000c198                __floatunsidf
                0x0000c198                __aeabi_ui2d
                0x0000c1b8                __floatsidf
                0x0000c1b8                __aeabi_i2d
                0x0000c1dc                __aeabi_f2d
                0x0000c1dc                __extendsfdf2
                0x0000c218                __floatundidf
                0x0000c218                __aeabi_ul2d
                0x0000c228                __floatdidf
                0x0000c228                __aeabi_l2d
 .text          0x0000c284      0x424 c:/users/a16023/github/alios-things/build/compiler/gcc-arm-none-eabi/win32/bin/../lib/gcc/arm-none-eabi/5.4.1/armv7e-m\libgcc.a(_arm_muldivdf3.o)
                0x0000c284                __aeabi_dmul
                0x0000c284                __muldf3
                0x0000c4d8                __divdf3
                0x0000c4d8                __aeabi_ddiv
 .text          0x0000c6a8       0x30 c:/users/a16023/github/alios-things/build/compiler/gcc-arm-none-eabi/win32/bin/../lib/gcc/arm-none-eabi/5.4.1/armv7e-m\libgcc.a(_aeabi_uldivmod.o)
                0x0000c6a8                __aeabi_uldivmod
 .text          0x0000c6d8      0x2e4 c:/users/a16023/github/alios-things/build/compiler/gcc-arm-none-eabi/win32/bin/../lib/gcc/arm-none-eabi/5.4.1/armv7e-m\libgcc.a(_udivmoddi4.o)
                0x0000c6d8                __udivmoddi4
 .text          0x0000c9bc        0x4 c:/users/a16023/github/alios-things/build/compiler/gcc-arm-none-eabi/win32/bin/../lib/gcc/arm-none-eabi/5.4.1/armv7e-m\libgcc.a(_dvmd_tls.o)
                0x0000c9bc                __aeabi_idiv0
                0x0000c9bc                __aeabi_ldiv0
 .text.__assert_func
                0x0000c9c0       0x3c c:/users/a16023/github/alios-things/build/compiler/gcc-arm-none-eabi/win32/bin/../lib/gcc/arm-none-eabi/5.4.1/../../../../arm-none-eabi/lib/armv7e-m\libc_nano.a(lib_a-assert.o)
                0x0000c9c0                __assert_func
 .text.atoi     0x0000c9fc        0x8 c:/users/a16023/github/alios-things/build/compiler/gcc-arm-none-eabi/win32/bin/../lib/gcc/arm-none-eabi/5.4.1/../../../../arm-none-eabi/lib/armv7e-m\libc_nano.a(lib_a-atoi.o)
                0x0000c9fc                atoi
 .text.__errno  0x0000ca04        0xc c:/users/a16023/github/alios-things/build/compiler/gcc-arm-none-eabi/win32/bin/../lib/gcc/arm-none-eabi/5.4.1/../../../../arm-none-eabi/lib/armv7e-m\libc_nano.a(lib_a-errno.o)
                0x0000ca04                __errno
 .text.__sflush_r
                0x0000ca10      0x110 c:/users/a16023/github/alios-things/build/compiler/gcc-arm-none-eabi/win32/bin/../lib/gcc/arm-none-eabi/5.4.1/../../../../arm-none-eabi/lib/armv7e-m\libc_nano.a(lib_a-fflush.o)
                0x0000ca10                __sflush_r
 .text._fflush_r
                0x0000cb20       0x54 c:/users/a16023/github/alios-things/build/compiler/gcc-arm-none-eabi/win32/bin/../lib/gcc/arm-none-eabi/5.4.1/../../../../arm-none-eabi/lib/armv7e-m\libc_nano.a(lib_a-fflush.o)
                0x0000cb20                _fflush_r
 .text.fflush   0x0000cb74       0x24 c:/users/a16023/github/alios-things/build/compiler/gcc-arm-none-eabi/win32/bin/../lib/gcc/arm-none-eabi/5.4.1/../../../../arm-none-eabi/lib/armv7e-m\libc_nano.a(lib_a-fflush.o)
                0x0000cb74                fflush
 .text._cleanup_r
                0x0000cb98        0xc c:/users/a16023/github/alios-things/build/compiler/gcc-arm-none-eabi/win32/bin/../lib/gcc/arm-none-eabi/5.4.1/../../../../arm-none-eabi/lib/armv7e-m\libc_nano.a(lib_a-findfp.o)
                0x0000cb98                _cleanup_r
 .text.std.isra.0
                0x0000cba4       0x48 c:/users/a16023/github/alios-things/build/compiler/gcc-arm-none-eabi/win32/bin/../lib/gcc/arm-none-eabi/5.4.1/../../../../arm-none-eabi/lib/armv7e-m\libc_nano.a(lib_a-findfp.o)
 .text.__sfmoreglue
                0x0000cbec       0x2c c:/users/a16023/github/alios-things/build/compiler/gcc-arm-none-eabi/win32/bin/../lib/gcc/arm-none-eabi/5.4.1/../../../../arm-none-eabi/lib/armv7e-m\libc_nano.a(lib_a-findfp.o)
                0x0000cbec                __sfmoreglue
 .text.__sinit  0x0000cc18       0x60 c:/users/a16023/github/alios-things/build/compiler/gcc-arm-none-eabi/win32/bin/../lib/gcc/arm-none-eabi/5.4.1/../../../../arm-none-eabi/lib/armv7e-m\libc_nano.a(lib_a-findfp.o)
                0x0000cc18                __sinit
 .text.__sfp    0x0000cc78       0x78 c:/users/a16023/github/alios-things/build/compiler/gcc-arm-none-eabi/win32/bin/../lib/gcc/arm-none-eabi/5.4.1/../../../../arm-none-eabi/lib/armv7e-m\libc_nano.a(lib_a-findfp.o)
                0x0000cc78                __sfp